Archive member included to satisfy reference by file (symbol)

/usr/lib/n64/nusys/libnusys_d.a(nusched.o)
                              /usr/lib/n64/nusys/nusys_rom.o (nuScCreateScheduler)
/usr/lib/n64/nusys/libnusys_d.a(nugfxtaskmgr.o)
                              build/src/main/stage00.o (nuGfxTaskStart)
/usr/lib/n64/nusys/libnusys_d.a(nugfxfuncset.o)
                              build/src/main/main.o (nuGfxFuncSet)
/usr/lib/n64/nusys/libnusys_d.a(nugfxtaskallendwait.o)
                              build/src/main/stage00.o (nuGfxTaskAllEndWait)
/usr/lib/n64/nusys/libnusys_d.a(nugfxsetcfb.o)
                              build/src/main/main.o (nuGfxSetCfb)
/usr/lib/n64/nusys/libnusys_d.a(nugfxdisplayoff.o)
                              build/src/main/main.o (nuGfxDisplayOff)
/usr/lib/n64/nusys/libnusys_d.a(nugfxdisplayon.o)
                              build/src/main/main.o (nuGfxDisplayOn)
/usr/lib/n64/nusys/libnusys_d.a(nudebconcputs.o)
                              build/src/main/stage00.o (nuDebConCPuts)
/usr/lib/n64/nusys/libnusys_d.a(nudebcontextattr.o)
                              build/src/main/main.o (nuDebConTextAttr)
/usr/lib/n64/nusys/libnusys_d.a(nudebcontextpos.o)
                              build/src/main/main.o (nuDebConTextPos)
/usr/lib/n64/nusys/libnusys_d.a(nudebconclear.o)
                              build/src/main/main.o (nuDebConClear)
/usr/lib/n64/nusys/libnusys_d.a(nupiinit.o)
                              /usr/lib/n64/nusys/nusys_rom.o (nuPiInit)
/usr/lib/n64/nusys/libnusys_d.a(nupireadrom.o)
                              build/src/main/stage00.o (nuPiReadRom)
/usr/lib/n64/nusys/libnusys_d.a(nudebconbuf.o)
                              /usr/lib/n64/nusys/libnusys_d.a(nudebcontextattr.o) (nuDebConWin)
/usr/lib/n64/nusys/libnusys_d.a(nudebcondisp_ex2.o)
                              build/src/main/stage00.o (nuDebConDispEX2)
/usr/lib/n64/nusys/libnusys_d.a(nugfxinit_ex2.o)
                              build/src/main/main.o (nuGfxInitEX2)
/usr/lib/n64/nusys/libnusys_d.a(nucontinit.o)
                              build/src/main/main.o (nuContInit)
/usr/lib/n64/nusys/libnusys_d.a(nucontdatagetex.o)
                              build/src/main/stage00.o (nuContDataGetEx)
/usr/lib/n64/nusys/libnusys_d.a(nucontpakmgr.o)
                              /usr/lib/n64/nusys/libnusys_d.a(nucontinit.o) (nuContPakMgrInit)
/usr/lib/n64/nusys/libnusys_d.a(nucontrmbmgr.o)
                              /usr/lib/n64/nusys/libnusys_d.a(nucontinit.o) (nuContRmbMgrInit)
/usr/lib/n64/nusys/libnusys_d.a(nufont.o)
                              /usr/lib/n64/nusys/libnusys_d.a(nudebcondisp_ex2.o) (nuFont)
/usr/lib/n64/nusys/libnusys_d.a(nurdpoutput.o)
                              /usr/lib/n64/nusys/libnusys_d.a(nugfxinit_ex2.o) (nuRDPOutputBuf)
/usr/lib/n64/nusys/libnusys_d.a(nuyieldbuf.o)
                              /usr/lib/n64/nusys/libnusys_d.a(nugfxtaskmgr.o) (nuYieldBuf)
/usr/lib/n64/nusys/libnusys_d.a(nudramstack.o)
                              /usr/lib/n64/nusys/libnusys_d.a(nugfxtaskmgr.o) (nuDramStack)
/usr/lib/n64/nusys/libnusys_d.a(nugfxthread.o)
                              /usr/lib/n64/nusys/libnusys_d.a(nugfxfuncset.o) (nuGfxFunc)
/usr/lib/n64/nusys/libnusys_d.a(nugfxswapcfbfuncset.o)
                              /usr/lib/n64/nusys/libnusys_d.a(nugfxinit_ex2.o) (nuGfxSwapCfbFuncSet)
/usr/lib/n64/nusys/libnusys_d.a(nugfxswapcfb.o)
                              /usr/lib/n64/nusys/libnusys_d.a(nugfxinit_ex2.o) (nuGfxSwapCfb)
/usr/lib/n64/nusys/libnusys_d.a(nugfxretracewait.o)
                              /usr/lib/n64/nusys/libnusys_d.a(nugfxsetcfb.o) (nuGfxRetraceWait)
/usr/lib/n64/nusys/libnusys_d.a(nugfxsetucodefifo.o)
                              /usr/lib/n64/nusys/libnusys_d.a(nugfxinit_ex2.o) (nuGfxSetUcodeFifo)
/usr/lib/n64/nusys/libnusys_d.a(nudebconputc.o)
                              /usr/lib/n64/nusys/libnusys_d.a(nudebconcputs.o) (nuDebConPutc)
/usr/lib/n64/nusys/libnusys_d.a(nusimgr.o)
                              /usr/lib/n64/nusys/libnusys_d.a(nucontinit.o) (nuSiMgrInit)
/usr/lib/n64/nusys/libnusys_d.a(nusicallbackadd.o)
                              /usr/lib/n64/nusys/libnusys_d.a(nucontpakmgr.o) (nuSiCallBackAdd)
/usr/lib/n64/nusys/libnusys_d.a(nusicallbackremove.o)
                              /usr/lib/n64/nusys/libnusys_d.a(nucontpakmgr.o) (nuSiCallBackRemove)
/usr/lib/n64/nusys/libnusys_d.a(nucontmgr.o)
                              /usr/lib/n64/nusys/libnusys_d.a(nucontinit.o) (nuContMgrInit)
/usr/lib/n64/nusys/libnusys_d.a(nucontdatalock.o)
                              /usr/lib/n64/nusys/libnusys_d.a(nucontmgr.o) (nuContDataUnLock)
/usr/lib/n64/nusys/libnusys_d.a(nucontqueryread.o)
                              /usr/lib/n64/nusys/libnusys_d.a(nucontmgr.o) (nuContQueryRead)
/usr/lib/n64/nusys/libnusys_d.a(nudebconsole.o)
                              /usr/lib/n64/nusys/libnusys_d.a(nudebconputc.o) (nuDebConInc)
/usr/lib/n64/libultra_d.a(setintmask.o)
[...]
Memory Configuration

Name             Origin             Length             Attributes
*default*        0x0000000000000000 0xffffffffffffffff

Linker script and memory map

                0x000000000019feb8                __romPos = 0x0
                0x0000000004000000                _bootSegmentStart = ADDR (.boot)
                0x0000000000000000                _bootSegmentRomStart = __romPos

.boot           0x0000000004000000     0x1000 load address 0x0000000000000000
 build/asm/rom_header.o(.text)
 .text          0x0000000004000000       0x40 build/asm/rom_header.o
 build/boot.6102.o(.data)
 .data          0x0000000004000040      0xfc0 build/boot.6102.o
                0x0000000004000040                _binary__usr_lib_n64_PR_bootcode_boot_6102_start
                0x0000000004001000                _binary__usr_lib_n64_PR_bootcode_boot_6102_end
                0x0000000004001000                _bootSegmentEnd = (ADDR (.boot) + SIZEOF (.boot))
                0x0000000000001000                _bootSegmentRomEnd = (__romPos + SIZEOF (.boot))
                0x000000000019feb8                __romPos = (__romPos + SIZEOF (.boot))
                0x0000000080025c00                _codeSegmentStart = ADDR (.code)
                0x0000000000001000                _codeSegmentRomStart = __romPos

.code           0x0000000080025c00    0x912f0 load address 0x0000000000001000
 build/asm/entry.o(.start)
 .start         0x0000000080025c00       0x3c build/asm/entry.o
                0x0000000080025c00                __start
 /usr/lib/n64/nusys/nusys_rom.o(.text)
 *fill*         0x0000000080025c3c        0x4 
 .text          0x0000000080025c40       0xf0 /usr/lib/n64/nusys/nusys_rom.o
                0x0000000080025cdc                nuBoot
 build/src/main*.o(.text)
 .text          0x0000000080025d30        0x0 build/src/main/gfxinit.o
 .text          0x0000000080025d30      0x1a4 build/src/main/graphic.o
                0x0000000080025d30                gfxRCPInit
                0x0000000080025db0                gfxClearCfb
 *fill*         0x0000000080025ed4        0xc 
 .text          0x0000000080025ee0      0x1b4 build/src/main/main.o
                0x0000000080025ee0                stage00
                0x0000000080025f10                mainproc
 *fill*         0x0000000080026094        0xc 
 .text          0x00000000800260a0      0xcb4 build/src/main/stage00.o
                0x00000000800260a0                DrawBackground
                0x00000000800262a8                SetViewMtx
                0x00000000800264a0                initStage00
                0x000000008002654c                draw_cube
                0x0000000080026764                makeDL00
                0x00000000800269b8                updateGame00
                0x0000000080026c90                debug_console_int
                0x0000000080026ce4                debug_console_float
                0x0000000080026d4c                lim
 */libultra_d.a:*.o(.text)
 *fill*         0x0000000080026d54        0xc 
 .text          0x0000000080026d60       0xa0 /usr/lib/n64/libultra_d.a(setintmask.o)
                0x0000000080026d60                osSetIntMask
 .text          0x0000000080026e00      0x340 /usr/lib/n64/libultra_d.a(pimgr.o)
                0x0000000080026e00                osCreatePiManager
 .text          0x0000000080027140      0x3e0 /usr/lib/n64/libultra_d.a(epirawdma.o)
                0x0000000080027140                __osEPiRawStartDma
 .text          0x0000000080027520      0x240 /usr/lib/n64/libultra_d.a(epidma.o)
                0x0000000080027520                osEPiStartDma
 .text          0x0000000080027760      0x1f0 /usr/lib/n64/libultra_d.a(cartrominit.o)
                0x0000000080027760                osCartRomInit
 .text          0x0000000080027950      0x540 /usr/lib/n64/libultra_d.a(devmgr.o)
                0x0000000080027950                __osDevMgrMain
 .text          0x0000000080027e90       0xf0 /usr/lib/n64/libultra_d.a(piacs.o)
                0x0000000080027e90                __osPiCreateAccessQueue
                0x0000000080027eec                __osPiGetAccess
                0x0000000080027f3c                __osPiRelAccess
 .text          0x0000000080027f80       0xb0 /usr/lib/n64/libultra_d.a(invaldcache.o)
                0x0000000080027f80                osInvalDCache
 .text          0x0000000080028030       0x30 /usr/lib/n64/libultra_d.a(writebackdcacheall.o)
                0x0000000080028030                osWritebackDCacheAll
 .text          0x0000000080028060       0xd0 /usr/lib/n64/libultra_d.a(contquery.o)
                0x0000000080028060                osContStartQuery
                0x00000000800280f4                osContGetQuery
 .text          0x0000000080028130      0x2d0 /usr/lib/n64/libultra_d.a(contreaddata.o)
                0x0000000080028130                osContStartReadData
                0x00000000800281cc                osContGetReadData
 .text          0x0000000080028400      0x430 /usr/lib/n64/libultra_d.a(controller.o)
                0x0000000080028400                osContInit
                0x00000000800285bc                __osContGetInitData
                0x00000000800286e4                __osPackRequestData
 .text          0x0000000080028830       0xe0 /usr/lib/n64/libultra_d.a(virtualtophysical.o)
                0x0000000080028830                osVirtualToPhysical
 .text          0x0000000080028910       0x50 /usr/lib/n64/libultra_d.a(assert.o)
                0x0000000080028910                __assert
 .text          0x0000000080028960      0x4a0 /usr/lib/n64/libultra_d.a(lookat.o)
                0x0000000080028960                guLookAtF
                0x0000000080028d7c                guLookAt
 .text          0x0000000080028e00      0x330 /usr/lib/n64/libultra_d.a(perspective.o)
                0x0000000080028e00                guPerspectiveF
                0x00000000800290c0                guPerspective
 .text          0x0000000080029130      0x2b0 /usr/lib/n64/libultra_d.a(sinf.o)
                0x0000000080029130                fsin
                0x0000000080029130                __sinf
                0x0000000080029130                sinf
 .text          0x00000000800293e0      0x2f0 /usr/lib/n64/libultra_d.a(rdbsend.o)
                0x00000000800293e0                __osRdbSend
 .text          0x00000000800296d0       0xb0 /usr/lib/n64/libultra_d.a(initrdb.o)
                0x00000000800296d0                osInitRdb
 .text          0x0000000080029780      0x320 /usr/lib/n64/libultra_d.a(bcopy.o)
                0x0000000080029780                bcopy
 .text          0x0000000080029aa0       0xa0 /usr/lib/n64/libultra_d.a(bzero.o)
                0x0000000080029aa0                bzero
 .text          0x0000000080029b40       0xd0 /usr/lib/n64/libultra_d.a(sprintf.o)
                0x0000000080029b40                sprintf
 .text          0x0000000080029c10      0x110 /usr/lib/n64/libultra_d.a(syncprintf.o)
                0x0000000080029c10                __osSyncVPrintf
                0x0000000080029c68                osSyncPrintf
                0x0000000080029cb4                rmonPrintf
 .text          0x0000000080029d20       0xa0 /usr/lib/n64/libultra_d.a(createmesgqueue.o)
                0x0000000080029d20                osCreateMesgQueue
 .text          0x0000000080029dc0      0x1c0 /usr/lib/n64/libultra_d.a(jammesg.o)
                0x0000000080029dc0                osJamMesg
 .text          0x0000000080029f80      0x1b0 /usr/lib/n64/libultra_d.a(recvmesg.o)
                0x0000000080029f80                osRecvMesg
 .text          0x000000008002a130      0x1b0 /usr/lib/n64/libultra_d.a(sendmesg.o)
                0x000000008002a130                osSendMesg
 .text          0x000000008002a2e0      0x100 /usr/lib/n64/libultra_d.a(seteventmesg.o)
                0x000000008002a2e0                osSetEventMesg
 .text          0x000000008002a3e0       0x30 /usr/lib/n64/libultra_d.a(dpsetstat.o)
                0x000000008002a3e0                osDpSetStatus
 .text          0x000000008002a410       0x80 /usr/lib/n64/libultra_d.a(dpctr.o)
                0x000000008002a410                osDpGetCounters
 .text          0x000000008002a490      0x430 /usr/lib/n64/libultra_d.a(sptask.o)
                0x000000008002a5d8                osSpTaskLoad
                0x000000008002a864                osSpTaskStartGo
 .text          0x000000008002a8c0       0x30 /usr/lib/n64/libultra_d.a(sptaskyield.o)
                0x000000008002a8c0                osSpTaskYield
 .text          0x000000008002a8f0       0x90 /usr/lib/n64/libultra_d.a(sptaskyielded.o)
                0x000000008002a8f0                osSpTaskYielded
 .text          0x000000008002a980      0x100 /usr/lib/n64/libultra_d.a(sirawdma.o)
                0x000000008002a980                __osSiRawStartDma
 .text          0x000000008002aa80       0xf0 /usr/lib/n64/libultra_d.a(siacs.o)
                0x000000008002aa80                __osSiCreateAccessQueue
                0x000000008002aadc                __osSiGetAccess
                0x000000008002ab2c                __osSiRelAccess
 .text          0x000000008002ab70      0x210 /usr/lib/n64/libultra_d.a(createthread.o)
                0x000000008002ab70                osCreateThread
 .text          0x000000008002ad80       0x50 /usr/lib/n64/libultra_d.a(getthreadpri.o)
                0x000000008002ad80                osGetThreadPri
 .text          0x000000008002add0      0x150 /usr/lib/n64/libultra_d.a(setthreadpri.o)
                0x000000008002add0                osSetThreadPri
 .text          0x000000008002af20      0x1a0 /usr/lib/n64/libultra_d.a(startthread.o)
                0x000000008002af20                osStartThread
 .text          0x000000008002b0c0       0xf0 /usr/lib/n64/libultra_d.a(stopthread.o)
                0x000000008002b0c0                osStopThread
 .text          0x000000008002b1b0       0x60 /usr/lib/n64/libultra_d.a(thread.o)
                0x000000008002b1b0                __osDequeueThread
 .text          0x000000008002b210       0x60 /usr/lib/n64/libultra_d.a(yieldthread.o)
                0x000000008002b210                osYieldThread
 .text          0x000000008002b270       0xe0 /usr/lib/n64/libultra_d.a(gettime.o)
                0x000000008002b270                osGetTime
 .text          0x000000008002b350       0x70 /usr/lib/n64/libultra_d.a(settime.o)
                0x000000008002b350                osSetTime
 .text          0x000000008002b3c0      0x1f0 /usr/lib/n64/libultra_d.a(settimer.o)
                0x000000008002b3c0                osSetTimer
 .text          0x000000008002b5b0      0x650 /usr/lib/n64/libultra_d.a(timerintr.o)
                0x000000008002b5b0                __osTimerServicesInit
                0x000000008002b65c                __osTimerInterrupt
                0x000000008002b984                __osSetTimerIntr
                0x000000008002ba58                __osInsertTimer
 .text          0x000000008002bc00       0xc0 /usr/lib/n64/libultra_d.a(probetlb.o)
                0x000000008002bc00                __osProbeTLB
 .text          0x000000008002bcc0       0x80 /usr/lib/n64/libultra_d.a(vigetcurrframebuf.o)
                0x000000008002bcc0                osViGetCurrentFramebuffer
 .text          0x000000008002bd40       0x80 /usr/lib/n64/libultra_d.a(vigetnextframebuf.o)
                0x000000008002bd40                osViGetNextFramebuffer
 .text          0x000000008002bdc0       0x90 /usr/lib/n64/libultra_d.a(vigetmode.o)
                0x000000008002bdc0                osViGetCurrentMode
 .text          0x000000008002be50      0x420 /usr/lib/n64/libultra_d.a(vimgr.o)
                0x000000008002be50                osCreateViManager
 .text          0x000000008002c270       0xd0 /usr/lib/n64/libultra_d.a(visetevent.o)
                0x000000008002c270                osViSetEvent
 .text          0x000000008002c340       0xd0 /usr/lib/n64/libultra_d.a(visetmode.o)
                0x000000008002c340                osViSetMode
 .text          0x000000008002c410      0x290 /usr/lib/n64/libultra_d.a(visetspecial.o)
                0x000000008002c410                osViSetSpecialFeatures
 .text          0x000000008002c6a0      0x140 /usr/lib/n64/libultra_d.a(visetyscale.o)
                0x000000008002c6a0                osViSetYScale
 .text          0x000000008002c7e0       0xe0 /usr/lib/n64/libultra_d.a(viswapbuf.o)
                0x000000008002c7e0                osViSwapBuffer
 .text          0x000000008002c8c0      0x370 /usr/lib/n64/libultra_d.a(viswapcontext.o)
                0x000000008002c8c0                __osViSwapContext
 .text          0x000000008002cc30        0x0 /usr/lib/n64/libultra_d.a(vitbl.o)
 .text          0x000000008002cc30       0xa0 /usr/lib/n64/libultra_d.a(viblack.o)
                0x000000008002cc30                osViBlack
 .text          0x000000008002ccd0       0x60 /usr/lib/n64/libultra_d.a(mtxidentf.o)
                0x000000008002ccd0                guMtxIdentF
 .text          0x000000008002cd30       0x80 /usr/lib/n64/libultra_d.a(mtxf2l.o)
                0x000000008002cd30                guMtxF2L
 .text          0x000000008002cdb0       0xc0 /usr/lib/n64/libultra_d.a(scale.o)
                0x000000008002cdb0                guScale
 .text          0x000000008002ce70       0xe0 /usr/lib/n64/libultra_d.a(translate.o)
                0x000000008002ce70                guTranslate
 .text          0x000000008002cf50      0x2b0 /usr/lib/n64/libultra_d.a(rotate.o)
                0x000000008002cf50                guRotateF
                0x000000008002d19c                guRotate
 .text          0x000000008002d200      0x4d0 /usr/lib/n64/libultra_d.a(motor.o)
                0x000000008002d200                __osMotorAccess
                0x000000008002d4d8                osMotorInit
 .text          0x000000008002d6d0      0x870 /usr/lib/n64/libultra_d.a(pfsallocatefile.o)
                0x000000008002d6d0                osPfsAllocateFile
                0x000000008002db2c                __osPfsDeclearPage
                0x000000008002dd70                __osDumpInode
 .text          0x000000008002df40      0x370 /usr/lib/n64/libultra_d.a(pfsdeletefile.o)
                0x000000008002df40                osPfsDeleteFile
                0x000000008002e1d0                __osPfsReleasePages
 .text          0x000000008002e2b0      0x650 /usr/lib/n64/libultra_d.a(pfsreadwritefile.o)
                0x000000008002e3f4                osPfsReadWriteFile
 .text          0x000000008002e900      0x2b0 /usr/lib/n64/libultra_d.a(pfsfilestate.o)
                0x000000008002e900                osPfsFileState
 .text          0x000000008002ebb0      0x270 /usr/lib/n64/libultra_d.a(pfssearchfile.o)
                0x000000008002ebb0                osPfsFindFile
 .text          0x000000008002ee20      0x190 /usr/lib/n64/libultra_d.a(pfsfreeblocks.o)
                0x000000008002ee20                osPfsFreeBlocks
 .text          0x000000008002efb0      0x190 /usr/lib/n64/libultra_d.a(pfsnumfiles.o)
                0x000000008002efb0                osPfsNumFiles
 .text          0x000000008002f140      0x4c0 /usr/lib/n64/libultra_d.a(pfsinitpak.o)
                0x000000008002f140                osPfsInitPak
 .text          0x000000008002f600       0x90 /usr/lib/n64/libultra_d.a(pfsrepairid.o)
                0x000000008002f600                osPfsRepairId
 .text          0x000000008002f690      0x330 /usr/lib/n64/libultra_d.a(pfsgetstatus.o)
                0x000000008002f690                __osPfsGetStatus
                0x000000008002f7cc                __osPfsRequestOneChannel
                0x000000008002f8d0                __osPfsGetOneChannelData
 .text          0x000000008002f9c0       0xd0 /usr/lib/n64/libultra_d.a(pfsselectbank.o)
                0x000000008002f9c0                __osPfsSelectBank
 .text          0x000000008002fa90     0x11e0 /usr/lib/n64/libultra_d.a(contpfs.o)
                0x000000008002fa90                __osSumcalc
                0x000000008002fb1c                __osIdCheckSum
                0x000000008002fbd8                __osRepairPackId
                0x00000000800300e0                __osCheckPackId
                0x00000000800302dc                __osGetId
                0x0000000080030584                __osCheckId
                0x00000000800306a8                __osPfsRWInode
                0x0000000080030b34                __osDumpId
 .text          0x0000000080030c70      0x2d0 /usr/lib/n64/libultra_d.a(contramread.o)
                0x0000000080030c70                __osContRamRead
 .text          0x0000000080030f40      0x300 /usr/lib/n64/libultra_d.a(contramwrite.o)
                0x0000000080030f40                __osContRamWrite
 .text          0x0000000080031240       0x60 /usr/lib/n64/libultra_d.a(parameters.o)
 .text          0x00000000800312a0       0x40 /usr/lib/n64/libultra_d.a(afterprenmi.o)
                0x00000000800312a0                osAfterPreNMI
 .text          0x00000000800312e0      0x400 /usr/lib/n64/libultra_d.a(initialize.o)
                0x00000000800312e0                __createSpeedParam
                0x0000000080031394                __osInitialize_common
                0x0000000080031650                __osInitialize_autodetect
 .text          0x00000000800316e0      0x5d0 /usr/lib/n64/libultra_d.a(initialize_kmc.o)
                0x00000000800319cc                __osInitialize_kmc
                0x0000000080031c1c                __checkHardware_kmc
 .text          0x0000000080031cb0      0x5c0 /usr/lib/n64/libultra_d.a(initialize_msp.o)
                0x0000000080031f9c                __osInitialize_msp
                0x00000000800321ec                __checkHardware_msp
 .text          0x0000000080032270       0xc0 /usr/lib/n64/libultra_d.a(initialize_emu.o)
                0x0000000080032300                __osInitialize_emu
 .text          0x0000000080032330       0x20 /usr/lib/n64/libultra_d.a(errorasm.o)
                0x0000000080032330                __osError
 .text          0x0000000080032350       0xb0 /usr/lib/n64/libultra_d.a(commonerror.o)
 .text          0x0000000080032400      0xe30 /usr/lib/n64/libultra_d.a(exceptasm.o)
                0x0000000080032400                __osExceptionPreamble
                0x0000000080032410                __ptExceptionPreamble
                0x0000000080032430                __ptException
                0x00000000800324d4                __osException
                0x0000000080032e1c                send_mesg
                0x0000000080032ed8                handle_CpU
                0x0000000080032f0c                __osEnqueueAndYield
                0x000000008003301c                __osEnqueueThread
                0x0000000080033064                __osPopThread
                0x0000000080033074                __osNop
                0x000000008003307c                __osDispatchThread
                0x0000000080033220                __osCleanupThread
 .text          0x0000000080033230       0x90 /usr/lib/n64/libultra_d.a(interrupt.o)
                0x0000000080033230                __osDisableInt
                0x00000000800332a0                __osRestoreInt
 .text          0x00000000800332c0       0x60 /usr/lib/n64/libultra_d.a(setglobalintmask.o)
                0x00000000800332c0                __osSetGlobalIntMask
 .text          0x0000000080033320       0x70 /usr/lib/n64/libultra_d.a(resetglobalintmask.o)
                0x0000000080033320                __osResetGlobalIntMask
 .text          0x0000000080033390      0x1e0 /usr/lib/n64/libultra_d.a(pirawdma.o)
                0x0000000080033390                __osPiRawStartDma
 .text          0x0000000080033570       0x50 /usr/lib/n64/libultra_d.a(pigetcmdq.o)
                0x0000000080033570                osPiGetCmdQueue
 .text          0x00000000800335c0      0x2e0 /usr/lib/n64/libultra_d.a(epirawread.o)
                0x00000000800335c0                __osEPiRawReadIo
 .text          0x00000000800338a0      0x2b0 /usr/lib/n64/libultra_d.a(epirawwrite.o)
                0x00000000800338a0                __osEPiRawWriteIo
 .text          0x0000000080033b50       0x80 /usr/lib/n64/libultra_d.a(piwrite.o)
                0x0000000080033b50                osPiWriteIo
 .text          0x0000000080033bd0       0x80 /usr/lib/n64/libultra_d.a(piread.o)
                0x0000000080033bd0                osPiReadIo
 .text          0x0000000080033c50       0x80 /usr/lib/n64/libultra_d.a(invalicache.o)
                0x0000000080033c50                osInvalICache
 .text          0x0000000080033cd0       0x80 /usr/lib/n64/libultra_d.a(writebackdcache.o)
                0x0000000080033cd0                osWritebackDCache
 .text          0x0000000080033d50      0x3d0 /usr/lib/n64/libultra_d.a(kdebugserver.o)
                0x0000000080034004                kdebugserver
 .text          0x0000000080034120       0xd0 /usr/lib/n64/libultra_d.a(threadprofile.o)
                0x0000000080034120                osThreadProfileCallback
 .text          0x00000000800341f0        0x0 /usr/lib/n64/libultra_d.a(libm_vals.o)
 .text          0x00000000800341f0       0x10 /usr/lib/n64/libultra_d.a(sqrtf.o)
                0x00000000800341f0                sqrtf
 .text          0x0000000080034200      0x240 /usr/lib/n64/libultra_d.a(cosf.o)
                0x0000000080034200                fcos
                0x0000000080034200                cosf
                0x0000000080034200                __cosf
 .text          0x0000000080034440       0xe0 /usr/lib/n64/libultra_d.a(readhost.o)
                0x0000000080034440                osReadHost
 .text          0x0000000080034520      0x5a0 /usr/lib/n64/libultra_d.a(initialize_isv.o)
                0x0000000080034520                isPrintfInit
                0x0000000080034780                __checkHardware_isv
                0x0000000080034968                __osInitialize_isv
 .text          0x0000000080034ac0      0x180 /usr/lib/n64/libultra_d.a(monutil.o)
                0x0000000080034ac0                __isExpJP
                0x0000000080034adc                __isExp
                0x0000000080034c20                MonitorInitBreak
 .text          0x0000000080034c40      0x110 /usr/lib/n64/libultra_d.a(bcmp.o)
                0x0000000080034c40                bcmp
 .text          0x0000000080034d50      0x180 /usr/lib/n64/libultra_d.a(string.o)
                0x0000000080034d50                strchr
                0x0000000080034dcc                strlen
                0x0000000080034e34                memcpy
 .text          0x0000000080034ed0     0x1200 /usr/lib/n64/libultra_d.a(xprintf.o)
                0x0000000080034ed0                _Printf
 .text          0x00000000800360d0       0x10 /usr/lib/n64/libultra_d.a(getcause.o)
                0x00000000800360d0                __osGetCause
 .text          0x00000000800360e0       0x10 /usr/lib/n64/libultra_d.a(getcount.o)
                0x00000000800360e0                osGetCount
 .text          0x00000000800360f0       0x10 /usr/lib/n64/libultra_d.a(getsr.o)
                0x00000000800360f0                __osGetSR
 .text          0x0000000080036100       0x10 /usr/lib/n64/libultra_d.a(setcompare.o)
                0x0000000080036100                __osSetCompare
 .text          0x0000000080036110       0x10 /usr/lib/n64/libultra_d.a(setfpccsr.o)
                0x0000000080036110                __osSetFpcCsr
 .text          0x0000000080036120       0x10 /usr/lib/n64/libultra_d.a(setsr.o)
                0x0000000080036120                __osSetSR
 .text          0x0000000080036130       0x10 /usr/lib/n64/libultra_d.a(setwatchlo.o)
                0x0000000080036130                __osSetWatchLo
 .text          0x0000000080036140      0x250 /usr/lib/n64/libultra_d.a(rmonsio.o)
                0x0000000080036140                __rmonSendFault
                0x00000000800361c8                __rmonIOflush
                0x0000000080036228                __rmonIOputw
                0x00000000800362ac                __rmonIOhandler
 .text          0x0000000080036390       0x50 /usr/lib/n64/libultra_d.a(sp.o)
                0x0000000080036390                __osSpDeviceBusy
 .text          0x00000000800363e0       0x30 /usr/lib/n64/libultra_d.a(spgetstat.o)
                0x00000000800363e0                __osSpGetStatus
 .text          0x0000000080036410       0x30 /usr/lib/n64/libultra_d.a(spsetstat.o)
                0x0000000080036410                __osSpSetStatus
 .text          0x0000000080036440       0x50 /usr/lib/n64/libultra_d.a(spsetpc.o)
                0x0000000080036440                __osSpSetPc
 .text          0x0000000080036490      0x130 /usr/lib/n64/libultra_d.a(sprawdma.o)
                0x0000000080036490                __osSpRawStartDma
 .text          0x00000000800365c0       0xc0 /usr/lib/n64/libultra_d.a(sirawread.o)
                0x00000000800365c0                __osSiRawReadIo
 .text          0x0000000080036680       0x90 /usr/lib/n64/libultra_d.a(sirawwrite.o)
                0x0000000080036680                __osSiRawWriteIo
 .text          0x0000000080036710      0x2a0 /usr/lib/n64/libultra_d.a(crc.o)
                0x0000000080036710                __osContAddressCrc
                0x0000000080036844                __osContDataCrc
 .text          0x00000000800369b0      0x120 /usr/lib/n64/libultra_d.a(destroythread.o)
                0x00000000800369b0                osDestroyThread
 .text          0x0000000080036ad0       0x60 /usr/lib/n64/libultra_d.a(maptlbrdb.o)
                0x0000000080036ad0                osMapTLBRdb
 .text          0x0000000080036b30       0x50 /usr/lib/n64/libultra_d.a(unmaptlball.o)
                0x0000000080036b30                osUnmapTLBAll
 .text          0x0000000080036b80      0x160 /usr/lib/n64/libultra_d.a(vi.o)
                0x0000000080036b80                __osViInit
 .text          0x0000000080036ce0       0x30 /usr/lib/n64/libultra_d.a(vigetcurrcontext.o)
                0x0000000080036ce0                __osViGetCurrentContext
 .text          0x0000000080036d10        0x0 /usr/lib/n64/libultra_d.a(vimodentsclan1.o)
 .text          0x0000000080036d10        0x0 /usr/lib/n64/libultra_d.a(vimodepallan1.o)
 .text          0x0000000080036d10        0x0 /usr/lib/n64/libultra_d.a(vimodempallan1.o)
 .text          0x0000000080036d10       0x60 /usr/lib/n64/libultra_d.a(normalize.o)
                0x0000000080036d10                guNormalize
 .text          0x0000000080036d70      0xb50 /usr/lib/n64/libultra_d.a(pfschecker.o)
                0x0000000080036d70                osPfsChecker
                0x000000008003749c                corrupted_init
                0x00000000800376ac                corrupted
 .text          0x00000000800378c0      0x440 /usr/lib/n64/libultra_d.a(pfsisplug.o)
                0x00000000800378c0                osPfsIsPlug
                0x0000000080037acc                __osPfsRequestData
                0x0000000080037bd0                __osPfsGetInitData
 .text          0x0000000080037d00       0xe0 /usr/lib/n64/libultra_d.a(pirawread.o)
                0x0000000080037d00                __osPiRawReadIo
 .text          0x0000000080037de0       0xb0 /usr/lib/n64/libultra_d.a(pirawwrite.o)
                0x0000000080037de0                __osPiRawWriteIo
 .text          0x0000000080037e90       0x90 /usr/lib/n64/libultra_d.a(epiwrite.o)
                0x0000000080037e90                osEPiWriteIo
 .text          0x0000000080037f20       0x90 /usr/lib/n64/libultra_d.a(epiread.o)
                0x0000000080037f20                osEPiReadIo
 .text          0x0000000080037fb0      0x3b0 /usr/lib/n64/libultra_d.a(xlitob.o)
                0x0000000080037fb0                _Litob
 .text          0x0000000080038360     0x1180 /usr/lib/n64/libultra_d.a(xldtob.o)
                0x0000000080038360                _Ldtob
 .text          0x00000000800394e0       0xe0 /usr/lib/n64/libultra_d.a(rmoncmds.o)
                0x0000000080039508                __rmonExecute
 .text          0x00000000800395c0      0xa80 /usr/lib/n64/libultra_d.a(rmonmem.o)
                0x00000000800395c0                __rmonWriteWordTo
                0x0000000080039610                __rmonReadWordAt
                0x0000000080039684                __rmonMemcpy
                0x00000000800396e8                __rmonCopyWords
                0x00000000800397b0                __rmonReadMem
                0x00000000800399dc                __rmonWriteMem
                0x0000000080039c34                __rmonListProcesses
                0x0000000080039cc0                __rmonLoadProgram
                0x0000000080039ce8                __rmonGetExeName
                0x0000000080039db0                __rmonGetRegionCount
                0x0000000080039e3c                __rmonGetRegions
 .text          0x000000008003a040      0x1d0 /usr/lib/n64/libultra_d.a(rmonmisc.o)
                0x000000008003a040                __rmonSetFault
                0x000000008003a0a8                __rmonInit
                0x000000008003a18c                __rmonPanic
                0x000000008003a1b4                __rmonSetComm
 .text          0x000000008003a210      0xd40 /usr/lib/n64/libultra_d.a(rmonregs.o)
                0x000000008003a490                __rmonGetGRegisters
                0x000000008003a610                __rmonSetGRegisters
                0x000000008003a794                __rmonGetFRegisters
                0x000000008003a858                __rmonSetFRegisters
                0x000000008003a990                __rmonGetSRegs
                0x000000008003aaf4                __rmonSetSRegs
                0x000000008003ac20                __rmonGetVRegs
                0x000000008003ad5c                __rmonSetVRegs
                0x000000008003ae3c                __rmonGetRegisterContents
 .text          0x000000008003af50      0xba0 /usr/lib/n64/libultra_d.a(rmontask.o)
                0x000000008003af50                __rmonMaskIdleThreadInts
                0x000000008003afd4                __rmonGetTCB
                0x000000008003b064                __rmonStopUserThreads
                0x000000008003b1a4                __rmonListThreads
                0x000000008003b304                __rmonGetThreadStatus
                0x000000008003b614                __rmonThreadStatus
                0x000000008003b69c                __rmonStopThread
                0x000000008003b814                __rmonRunThread
 .text          0x000000008003baf0      0x450 /usr/lib/n64/libultra_d.a(rmonmain.o)
                0x000000008003baf0                __rmonSendHeader
                0x000000008003bb98                __rmonSendReply
                0x000000008003bc48                __rmonSendData
                0x000000008003bda0                rmonMain
 .text          0x000000008003bf40       0xc0 /usr/lib/n64/libultra_d.a(sprawread.o)
                0x000000008003bf40                __osSpRawReadIo
 .text          0x000000008003c000       0x90 /usr/lib/n64/libultra_d.a(sprawwrite.o)
                0x000000008003c000                __osSpRawWriteIo
 .text          0x000000008003c090       0x50 /usr/lib/n64/libultra_d.a(si.o)
                0x000000008003c090                __osSiDeviceBusy
 .text          0x000000008003c0e0       0x30 /usr/lib/n64/libultra_d.a(getactivequeue.o)
                0x000000008003c0e0                __osGetActiveQueue
 .text          0x000000008003c110      0x260 /usr/lib/n64/libultra_d.a(ldiv.o)
                0x000000008003c110                ldiv
                0x000000008003c1dc                lldiv
 .text          0x000000008003c370       0xa0 /usr/lib/n64/libultra_d.a(rmonrcp.o)
                0x000000008003c370                __rmonRCPrunning
                0x000000008003c394                __rmonIdleRCP
                0x000000008003c3d8                __rmonStepRCP
                0x000000008003c3ec                __rmonRunRCP
 .text          0x000000008003c410      0xcf0 /usr/lib/n64/libultra_d.a(rmonbrk.o)
                0x000000008003c5e8                __rmonSetBreak
                0x000000008003c7e8                __rmonListBreak
                0x000000008003c810                __rmonClearBreak
                0x000000008003c990                __rmonGetBranchTarget
                0x000000008003ccf0                __rmonSetSingleStep
                0x000000008003cddc                __rmonGetExceptionStatus
                0x000000008003cf1c                __rmonHitBreak
                0x000000008003cf54                __rmonHitSpBreak
                0x000000008003cfc4                __rmonHitCpuFault
 */libnusys_d.a:*.o(.text)
 .text          0x000000008003d100     0x1390 /usr/lib/n64/nusys/libnusys_d.a(nusched.o)
                0x000000008003d100                nuScCreateScheduler
                0x000000008003d454                nuScGetAudioMQ
                0x000000008003d484                nuScGetGfxMQ
                0x000000008003d6d8                nuScAddClient
                0x000000008003d7a8                nuScResetClientMesgType
                0x000000008003d80c                nuScRemoveClient
                0x000000008003e420                nuScSetFrameBufferNum
                0x000000008003e454                nuScGetFrameRate
 .text          0x000000008003e490      0x7a0 /usr/lib/n64/nusys/libnusys_d.a(nugfxtaskmgr.o)
                0x000000008003e490                nuGfxTaskMgr
                0x000000008003e634                nuGfxTaskMgrInit
                0x000000008003e96c                nuGfxTaskStart
 .text          0x000000008003ec30       0x60 /usr/lib/n64/nusys/libnusys_d.a(nugfxfuncset.o)
                0x000000008003ec30                nuGfxFuncSet
 .text          0x000000008003ec90       0x50 /usr/lib/n64/nusys/libnusys_d.a(nugfxtaskallendwait.o)
                0x000000008003ec90                nuGfxTaskAllEndWait
 .text          0x000000008003ece0      0x200 /usr/lib/n64/nusys/libnusys_d.a(nugfxsetcfb.o)
                0x000000008003ece0                nuGfxSetCfb
 .text          0x000000008003eee0       0x40 /usr/lib/n64/nusys/libnusys_d.a(nugfxdisplayoff.o)
                0x000000008003eee0                nuGfxDisplayOff
 .text          0x000000008003ef20       0x30 /usr/lib/n64/nusys/libnusys_d.a(nugfxdisplayon.o)
                0x000000008003ef20                nuGfxDisplayOn
 .text          0x000000008003ef50       0x80 /usr/lib/n64/nusys/libnusys_d.a(nudebconcputs.o)
                0x000000008003ef50                nuDebConCPuts
 .text          0x000000008003efd0       0x70 /usr/lib/n64/nusys/libnusys_d.a(nudebcontextattr.o)
                0x000000008003efd0                nuDebConTextAttr
 .text          0x000000008003f040      0x170 /usr/lib/n64/nusys/libnusys_d.a(nudebcontextpos.o)
                0x000000008003f040                nuDebConTextPos
 .text          0x000000008003f1b0       0xa0 /usr/lib/n64/nusys/libnusys_d.a(nudebconclear.o)
                0x000000008003f1b0                nuDebConClear
 .text          0x000000008003f250       0x60 /usr/lib/n64/nusys/libnusys_d.a(nupiinit.o)
                0x000000008003f250                nuPiInit
 .text          0x000000008003f2b0      0x130 /usr/lib/n64/nusys/libnusys_d.a(nupireadrom.o)
                0x000000008003f2b0                nuPiReadRom
 .text          0x000000008003f3e0        0x0 /usr/lib/n64/nusys/libnusys_d.a(nudebconbuf.o)
 .text          0x000000008003f3e0      0xa90 /usr/lib/n64/nusys/libnusys_d.a(nudebcondisp_ex2.o)
                0x000000008003fadc                nuDebConDispEX2
 .text          0x000000008003fe70      0x150 /usr/lib/n64/nusys/libnusys_d.a(nugfxinit_ex2.o)
                0x000000008003fe70                nuGfxInitEX2
 .text          0x000000008003ffc0       0x60 /usr/lib/n64/nusys/libnusys_d.a(nucontinit.o)
                0x000000008003ffc0                nuContInit
 .text          0x0000000080040020       0xc0 /usr/lib/n64/nusys/libnusys_d.a(nucontdatagetex.o)
                0x0000000080040020                nuContDataGetEx
 .text          0x00000000800400e0      0x4d0 /usr/lib/n64/nusys/libnusys_d.a(nucontpakmgr.o)
                0x00000000800400e0                nuContPakMgrInit
                0x0000000080040118                nuContPakMgrRemove
 .text          0x00000000800405b0      0xa40 /usr/lib/n64/nusys/libnusys_d.a(nucontrmbmgr.o)
                0x00000000800405b0                nuContRmbMgrInit
                0x0000000080040688                nuContRmbMgrRemove
 .text          0x0000000080040ff0        0x0 /usr/lib/n64/nusys/libnusys_d.a(nufont.o)
 .text          0x0000000080040ff0        0x0 /usr/lib/n64/nusys/libnusys_d.a(nurdpoutput.o)
 .text          0x0000000080040ff0        0x0 /usr/lib/n64/nusys/libnusys_d.a(nuyieldbuf.o)
 .text          0x0000000080040ff0        0x0 /usr/lib/n64/nusys/libnusys_d.a(nudramstack.o)
 .text          0x0000000080040ff0      0x190 /usr/lib/n64/nusys/libnusys_d.a(nugfxthread.o)
                0x0000000080041114                nuGfxThreadStart
 .text          0x0000000080041180       0x60 /usr/lib/n64/nusys/libnusys_d.a(nugfxswapcfbfuncset.o)
                0x0000000080041180                nuGfxSwapCfbFuncSet
 .text          0x00000000800411e0       0x50 /usr/lib/n64/nusys/libnusys_d.a(nugfxswapcfb.o)
                0x00000000800411e0                nuGfxSwapCfb
 .text          0x0000000080041230       0xb0 /usr/lib/n64/nusys/libnusys_d.a(nugfxretracewait.o)
                0x0000000080041230                nuGfxRetraceWait
 .text          0x00000000800412e0       0x90 /usr/lib/n64/nusys/libnusys_d.a(nugfxsetucodefifo.o)
                0x00000000800412e0                nuGfxSetUcodeFifo
 .text          0x0000000080041370      0x120 /usr/lib/n64/nusys/libnusys_d.a(nudebconputc.o)
                0x0000000080041370                nuDebConPutc
 .text          0x0000000080041490      0x4e0 /usr/lib/n64/nusys/libnusys_d.a(nusimgr.o)
                0x0000000080041490                nuSiMgrInit
                0x000000008004155c                nuSiSendMesg
                0x000000008004160c                nuSiMgrStop
                0x0000000080041644                nuSiMgrRestart
 .text          0x0000000080041970      0x130 /usr/lib/n64/nusys/libnusys_d.a(nusicallbackadd.o)
                0x0000000080041970                nuSiCallBackAdd
 .text          0x0000000080041aa0       0xc0 /usr/lib/n64/nusys/libnusys_d.a(nusicallbackremove.o)
                0x0000000080041aa0                nuSiCallBackRemove
 .text          0x0000000080041b60      0x530 /usr/lib/n64/nusys/libnusys_d.a(nucontmgr.o)
                0x0000000080041b60                nuContMgrInit
                0x0000000080041cc0                nuContMgrRemove
                0x0000000080041cf8                nuContDataClose
                0x0000000080041d38                nuContDataOpen
 .text          0x0000000080042090       0xa0 /usr/lib/n64/nusys/libnusys_d.a(nucontdatalock.o)
                0x0000000080042090                nuContDataLock
                0x00000000800420e0                nuContDataUnLock
 .text          0x0000000080042130       0x40 /usr/lib/n64/nusys/libnusys_d.a(nucontqueryread.o)
                0x0000000080042130                nuContQueryRead
 .text          0x0000000080042170      0x3c0 /usr/lib/n64/nusys/libnusys_d.a(nudebconsole.o)
                0x0000000080042170                nuDebConInc
                0x0000000080042204                nuDebConRtn
                0x00000000800423a0                nuDebConEsc
 */libnustd.a:*.o(.text)
 .text          0x0000000080042530      0x158 /usr/lib/n64/libnustd.a(cos.o)
                0x0000000080042530                cos
 *fill*         0x0000000080042688        0x8 
 .text          0x0000000080042690      0x19c /usr/lib/n64/libnustd.a(sin.o)
                0x0000000080042690                sin
 *fill*         0x000000008004282c        0x4 
 .text          0x0000000080042830       0x10 /usr/lib/n64/libnustd.a(fabs.o)
                0x0000000080042830                fabs
 */libgcc.a:*.o(.text)
 .text          0x0000000080042840      0x508 /opt/crashsdk/lib/gcc/mips64-elf/11.2.0/libgcc.a(_divdi3.o)
                0x0000000080042840                __divdi3
 *fill*         0x0000000080042d48        0x8 
 .text          0x0000000080042d50      0x4b4 /opt/crashsdk/lib/gcc/mips64-elf/11.2.0/libgcc.a(_udivdi3.o)
                0x0000000080042d50                __udivdi3
 *fill*         0x0000000080043204        0xc 
 .text          0x0000000080043210      0x4c0 /opt/crashsdk/lib/gcc/mips64-elf/11.2.0/libgcc.a(_umoddi3.o)
                0x0000000080043210                __umoddi3
 .text          0x00000000800436d0        0x0 /opt/crashsdk/lib/gcc/mips64-elf/11.2.0/libgcc.a(_clz.o)
 /usr/lib/n64/PR/rspboot.o(.text)
 .text          0x00000000800436d0       0xd0 /usr/lib/n64/PR/rspboot.o
                0x00000000800436d0                rspbootTextStart
                0x00000000800437a0                rspbootTextEnd
 /usr/lib/n64/PR/gspF3DEX2.fifo.o(.text)
 .text          0x00000000800437a0     0x1390 /usr/lib/n64/PR/gspF3DEX2.fifo.o
                0x00000000800437a0                gspF3DEX2_fifoTextStart
                0x0000000080044b30                gspF3DEX2_fifoTextEnd
 /usr/lib/n64/PR/gspL3DEX2.fifo.o(.text)
 .text          0x0000000080044b30     0x1190 /usr/lib/n64/PR/gspL3DEX2.fifo.o
                0x0000000080044b30                gspL3DEX2_fifoTextStart
                0x0000000080045cc0                gspL3DEX2_fifoTextEnd
 /usr/lib/n64/PR/gspF3DEX2.Rej.fifo.o(.text)
 .text          0x0000000080045cc0     0x1190 /usr/lib/n64/PR/gspF3DEX2.Rej.fifo.o
                0x0000000080045cc0                gspF3DEX2_Rej_fifoTextStart
                0x0000000080046e50                gspF3DEX2_Rej_fifoTextEnd
 /usr/lib/n64/PR/gspF3DEX2.NoN.fifo.o(.text)
 .text          0x0000000080046e50     0x1390 /usr/lib/n64/PR/gspF3DEX2.NoN.fifo.o
                0x0000000080046e50                gspF3DEX2_NoN_fifoTextStart
                0x00000000800481e0                gspF3DEX2_NoN_fifoTextEnd
 /usr/lib/n64/PR/gspF3DLX2.Rej.fifo.o(.text)
 .text          0x00000000800481e0     0x1190 /usr/lib/n64/PR/gspF3DLX2.Rej.fifo.o
                0x00000000800481e0                gspF3DLX2_Rej_fifoTextStart
                0x0000000080049370                gspF3DLX2_Rej_fifoTextEnd
 /usr/lib/n64/PR/gspS2DEX2.fifo.o(.text)
 .text          0x0000000080049370     0x18c0 /usr/lib/n64/PR/gspS2DEX2.fifo.o
                0x0000000080049370                gspS2DEX2_fifoTextStart
                0x000000008004ac30                gspS2DEX2_fifoTextEnd
 /usr/lib/n64/nusys/nusys_rom.o(.data*)
 .data          0x000000008004ac30        0x0 /usr/lib/n64/nusys/nusys_rom.o
 build/src/main*.o(.data*)
 .data          0x000000008004ac30       0xc0 build/src/main/gfxinit.o
                0x000000008004ac30                setup_rspstate_lo
                0x000000008004ac58                setup_rspstate
                0x000000008004ac80                setup_rdpstate_lo
                0x000000008004aca8                setup_rdpstate
                0x000000008004acd0                vp_lo
                0x000000008004ace0                vp
 .data          0x000000008004acf0        0x0 build/src/main/graphic.o
 .data          0x000000008004acf0       0x18 build/src/main/main.o
                0x000000008004acf0                LowFrameBuf
                0x000000008004acfc                HighFrameBuf
                0x000000008004ad04                mult
 *fill*         0x000000008004ad08        0x8 
 .data          0x000000008004ad10    0x62480 build/src/main/stage00.o
                0x000000008004ad14                t
                0x000000008004ad18                antialias
                0x000000008004ad1c                hireso
                0x000000008004ad20                bgbuf
                0x000000008004ad24                buf
                0x000000008004ad28                lain_lain_mesh_mesh
                0x000000008004aef8                mat_lain__25_f3d
                0x000000008004af30                mat_lain__24_f3d
                0x000000008004af68                mat_lain__23_f3d
                0x000000008004afa0                mat_lain__22_f3d
                0x000000008004afd8                mat_lain__21_f3d
                0x000000008004b010                mat_revert_lain__20_f3d
                0x000000008004b028                mat_lain__20_f3d
                0x000000008004b0d8                mat_revert_lain__19_f3d
                0x000000008004b0f0                mat_lain__19_f3d
                0x000000008004b1a0                mat_lain__18_f3d
                0x000000008004b1d8                mat_lain__17_f3d
                0x000000008004b210                mat_lain__16_f3d
                0x000000008004b248                mat_lain__15_f3d
                0x000000008004b280                mat_lain__14_f3d
                0x000000008004b2b8                mat_lain__13_f3d
                0x000000008004b2f0                mat_lain__12_f3d
                0x000000008004b328                mat_lain__11_f3d
                0x000000008004b360                mat_lain__10_f3d
                0x000000008004b398                mat_lain__9_f3d
                0x000000008004b3d0                mat_lain__8_f3d
                0x000000008004b408                mat_lain__7_f3d
                0x000000008004b440                mat_lain__6_f3d
                0x000000008004b478                mat_lain__5_f3d
                0x000000008004b4b0                mat_lain__4_f3d
                0x000000008004b4e8                mat_lain__3_f3d
                0x000000008004b520                mat_lain__2_f3d
                0x000000008004b558                mat_lain__1_f3d
                0x000000008004b590                lain_lain_mesh_mesh_tri_24
                0x000000008004bfa8                lain_lain_mesh_mesh_vtx_24
                0x000000008004d588                lain_lain_mesh_mesh_tri_23
                0x000000008004dfc0                lain_lain_mesh_mesh_vtx_23
                0x000000008004f4f0                lain_lain_mesh_mesh_tri_22
                0x0000000080050050                lain_lain_mesh_mesh_vtx_22
                0x0000000080051840                lain_lain_mesh_mesh_tri_21
                0x0000000080053028                lain_lain_mesh_mesh_vtx_21
                0x0000000080056498                lain_lain_mesh_mesh_tri_20
                0x0000000080058238                lain_lain_mesh_mesh_vtx_20
                0x000000008005c1d8                lain_lain_mesh_mesh_tri_19
                0x000000008005c2f8                lain_lain_mesh_mesh_vtx_19
                0x000000008005c578                lain_lain_mesh_mesh_tri_18
                0x000000008005d040                lain_lain_mesh_mesh_vtx_18
                0x000000008005e780                lain_lain_mesh_mesh_tri_17
                0x000000008005eec8                lain_lain_mesh_mesh_vtx_17
                0x000000008005fe48                lain_lain_mesh_mesh_tri_16
                0x00000000800603c0                lain_lain_mesh_mesh_vtx_16
                0x0000000080060f60                lain_lain_mesh_mesh_tri_15
                0x0000000080061370                lain_lain_mesh_mesh_vtx_15
                0x0000000080061c70                lain_lain_mesh_mesh_tri_14
                0x0000000080062108                lain_lain_mesh_mesh_vtx_14
                0x0000000080062ad8                lain_lain_mesh_mesh_tri_13
                0x0000000080063810                lain_lain_mesh_mesh_vtx_13
                0x00000000800655a0                lain_lain_mesh_mesh_tri_12
                0x0000000080065d60                lain_lain_mesh_mesh_vtx_12
                0x0000000080066df0                lain_lain_mesh_mesh_tri_11
                0x0000000080068230                lain_lain_mesh_mesh_vtx_11
                0x000000008006ad20                lain_lain_mesh_mesh_tri_10
                0x000000008006b678                lain_lain_mesh_mesh_vtx_10
                0x000000008006ca48                lain_lain_mesh_mesh_tri_9
                0x000000008006d038                lain_lain_mesh_mesh_vtx_9
                0x000000008006dcc8                lain_lain_mesh_mesh_tri_8
                0x0000000080074df0                lain_lain_mesh_mesh_vtx_8
                0x0000000080084150                lain_lain_mesh_mesh_tri_7
                0x0000000080084850                lain_lain_mesh_mesh_vtx_7
                0x0000000080085710                lain_lain_mesh_mesh_tri_6
                0x0000000080086950                lain_lain_mesh_mesh_vtx_6
                0x0000000080088fe0                lain_lain_mesh_mesh_tri_5
                0x000000008008aae0                lain_lain_mesh_mesh_vtx_5
                0x000000008008e550                lain_lain_mesh_mesh_tri_4
                0x000000008008ef88                lain_lain_mesh_mesh_vtx_4
                0x0000000080090528                lain_lain_mesh_mesh_tri_3
                0x0000000080091818                lain_lain_mesh_mesh_vtx_3
                0x00000000800940a8                lain_lain_mesh_mesh_tri_2
                0x0000000080094cc0                lain_lain_mesh_mesh_vtx_2
                0x0000000080096650                lain_lain_mesh_mesh_tri_1
                0x000000008009c2d8                lain_lain_mesh_mesh_vtx_1
                0x00000000800a8868                lain_lain_mesh_mesh_tri_0
                0x00000000800a9c68                lain_lain_mesh_mesh_vtx_0
                0x00000000800ac718                lain_tx_eyen64_ci4_pal_rgba16
                0x00000000800ac738                lain_tx_eyen64_ci4
                0x00000000800acf38                lain__25_f3d_lights
                0x00000000800acf50                lain__24_f3d_lights
                0x00000000800acf68                lain__23_f3d_lights
                0x00000000800acf80                lain__22_f3d_lights
                0x00000000800acf98                lain__21_f3d_lights
                0x00000000800acfb0                lain__20_f3d_lights
                0x00000000800acfc8                lain__19_f3d_lights
                0x00000000800acfe0                lain__18_f3d_lights
                0x00000000800acff8                lain__17_f3d_lights
                0x00000000800ad010                lain__16_f3d_lights
                0x00000000800ad028                lain__15_f3d_lights
                0x00000000800ad040                lain__14_f3d_lights
                0x00000000800ad058                lain__13_f3d_lights
                0x00000000800ad070                lain__12_f3d_lights
                0x00000000800ad088                lain__11_f3d_lights
                0x00000000800ad0a0                lain__10_f3d_lights
                0x00000000800ad0b8                lain__9_f3d_lights
                0x00000000800ad0d0                lain__8_f3d_lights
                0x00000000800ad0e8                lain__7_f3d_lights
                0x00000000800ad100                lain__6_f3d_lights
                0x00000000800ad118                lain__5_f3d_lights
                0x00000000800ad130                lain__4_f3d_lights
                0x00000000800ad148                lain__3_f3d_lights
                0x00000000800ad160                lain__2_f3d_lights
                0x00000000800ad178                lain__1_f3d_lights
 */libultra_d.a:*.o(.data*)
 .data          0x00000000800ad190        0x0 /usr/lib/n64/libultra_d.a(setintmask.o)
 .data          0x00000000800ad190       0x30 /usr/lib/n64/libultra_d.a(pimgr.o)
                0x00000000800ad190                __osPiDevMgr
                0x00000000800ad1ac                __osPiTable
                0x00000000800ad1b0                __osCurrentHandle
 .data          0x00000000800ad1c0        0x0 /usr/lib/n64/libultra_d.a(epirawdma.o)
 .data          0x00000000800ad1c0        0x0 /usr/lib/n64/libultra_d.a(epidma.o)
 .data          0x00000000800ad1c0       0x10 /usr/lib/n64/libultra_d.a(cartrominit.o)
 .data          0x00000000800ad1d0        0x0 /usr/lib/n64/libultra_d.a(devmgr.o)
 .data          0x00000000800ad1d0       0x10 /usr/lib/n64/libultra_d.a(piacs.o)
                0x00000000800ad1d0                __osPiAccessQueueEnabled
 .data          0x00000000800ad1e0        0x0 /usr/lib/n64/libultra_d.a(invaldcache.o)
 .data          0x00000000800ad1e0        0x0 /usr/lib/n64/libultra_d.a(writebackdcacheall.o)
 .data          0x00000000800ad1e0        0x0 /usr/lib/n64/libultra_d.a(contquery.o)
 .data          0x00000000800ad1e0        0x0 /usr/lib/n64/libultra_d.a(contreaddata.o)
 .data          0x00000000800ad1e0       0x10 /usr/lib/n64/libultra_d.a(controller.o)
                0x00000000800ad1e0                __osContinitialized
 .data          0x00000000800ad1f0        0x0 /usr/lib/n64/libultra_d.a(virtualtophysical.o)
 .data          0x00000000800ad1f0        0x0 /usr/lib/n64/libultra_d.a(assert.o)
 .data          0x00000000800ad1f0        0x0 /usr/lib/n64/libultra_d.a(lookat.o)
 .data          0x00000000800ad1f0        0x0 /usr/lib/n64/libultra_d.a(perspective.o)
 .data          0x00000000800ad1f0        0x0 /usr/lib/n64/libultra_d.a(sinf.o)
 .data          0x00000000800ad1f0       0x10 /usr/lib/n64/libultra_d.a(rdbsend.o)
                0x00000000800ad1f0                __osRdb_IP6_Empty
 .data          0x00000000800ad200        0x0 /usr/lib/n64/libultra_d.a(initrdb.o)
 .data          0x00000000800ad200        0x0 /usr/lib/n64/libultra_d.a(bcopy.o)
 .data          0x00000000800ad200        0x0 /usr/lib/n64/libultra_d.a(bzero.o)
 .data          0x00000000800ad200        0x0 /usr/lib/n64/libultra_d.a(sprintf.o)
 .data          0x00000000800ad200        0x0 /usr/lib/n64/libultra_d.a(syncprintf.o)
 .data          0x00000000800ad200        0x0 /usr/lib/n64/libultra_d.a(createmesgqueue.o)
 .data          0x00000000800ad200        0x0 /usr/lib/n64/libultra_d.a(jammesg.o)
 .data          0x00000000800ad200        0x0 /usr/lib/n64/libultra_d.a(recvmesg.o)
 .data          0x00000000800ad200        0x0 /usr/lib/n64/libultra_d.a(sendmesg.o)
 .data          0x00000000800ad200       0x10 /usr/lib/n64/libultra_d.a(seteventmesg.o)
                0x00000000800ad200                __osPreNMI
 .data          0x00000000800ad210        0x0 /usr/lib/n64/libultra_d.a(dpsetstat.o)
 .data          0x00000000800ad210        0x0 /usr/lib/n64/libultra_d.a(dpctr.o)
 .data          0x00000000800ad210        0x0 /usr/lib/n64/libultra_d.a(sptask.o)
 .data          0x00000000800ad210        0x0 /usr/lib/n64/libultra_d.a(sptaskyield.o)
 .data          0x00000000800ad210        0x0 /usr/lib/n64/libultra_d.a(sptaskyielded.o)
 .data          0x00000000800ad210        0x0 /usr/lib/n64/libultra_d.a(sirawdma.o)
 .data          0x00000000800ad210       0x10 /usr/lib/n64/libultra_d.a(siacs.o)
                0x00000000800ad210                __osSiAccessQueueEnabled
 .data          0x00000000800ad220        0x0 /usr/lib/n64/libultra_d.a(createthread.o)
 .data          0x00000000800ad220        0x0 /usr/lib/n64/libultra_d.a(getthreadpri.o)
 .data          0x00000000800ad220        0x0 /usr/lib/n64/libultra_d.a(setthreadpri.o)
 .data          0x00000000800ad220        0x0 /usr/lib/n64/libultra_d.a(startthread.o)
 .data          0x00000000800ad220        0x0 /usr/lib/n64/libultra_d.a(stopthread.o)
 .data          0x00000000800ad220       0x20 /usr/lib/n64/libultra_d.a(thread.o)
                0x00000000800ad220                __osThreadTail
                0x00000000800ad228                __osRunQueue
                0x00000000800ad22c                __osActiveQueue
                0x00000000800ad230                __osRunningThread
                0x00000000800ad234                __osFaultedThread
 .data          0x00000000800ad240        0x0 /usr/lib/n64/libultra_d.a(yieldthread.o)
 .data          0x00000000800ad240        0x0 /usr/lib/n64/libultra_d.a(gettime.o)
 .data          0x00000000800ad240        0x0 /usr/lib/n64/libultra_d.a(settime.o)
 .data          0x00000000800ad240        0x0 /usr/lib/n64/libultra_d.a(settimer.o)
 .data          0x00000000800ad240       0x10 /usr/lib/n64/libultra_d.a(timerintr.o)
                0x00000000800ad240                __osTimerList
 .data          0x00000000800ad250        0x0 /usr/lib/n64/libultra_d.a(probetlb.o)
 .data          0x00000000800ad250        0x0 /usr/lib/n64/libultra_d.a(vigetcurrframebuf.o)
 .data          0x00000000800ad250        0x0 /usr/lib/n64/libultra_d.a(vigetnextframebuf.o)
 .data          0x00000000800ad250        0x0 /usr/lib/n64/libultra_d.a(vigetmode.o)
 .data          0x00000000800ad250       0x20 /usr/lib/n64/libultra_d.a(vimgr.o)
                0x00000000800ad250                __osViDevMgr
                0x00000000800ad26c                __additional_scanline
 .data          0x00000000800ad270        0x0 /usr/lib/n64/libultra_d.a(visetevent.o)
 .data          0x00000000800ad270        0x0 /usr/lib/n64/libultra_d.a(visetmode.o)
 .data          0x00000000800ad270        0x0 /usr/lib/n64/libultra_d.a(visetspecial.o)
 .data          0x00000000800ad270        0x0 /usr/lib/n64/libultra_d.a(visetyscale.o)
 .data          0x00000000800ad270        0x0 /usr/lib/n64/libultra_d.a(viswapbuf.o)
 .data          0x00000000800ad270        0x0 /usr/lib/n64/libultra_d.a(viswapcontext.o)
 .data          0x00000000800ad270     0x1180 /usr/lib/n64/libultra_d.a(vitbl.o)
                0x00000000800ad270                osViModeTable
 .data          0x00000000800ae3f0        0x0 /usr/lib/n64/libultra_d.a(viblack.o)
 .data          0x00000000800ae3f0        0x0 /usr/lib/n64/libultra_d.a(mtxidentf.o)
 .data          0x00000000800ae3f0        0x0 /usr/lib/n64/libultra_d.a(mtxf2l.o)
 .data          0x00000000800ae3f0        0x0 /usr/lib/n64/libultra_d.a(scale.o)
 .data          0x00000000800ae3f0        0x0 /usr/lib/n64/libultra_d.a(translate.o)
 .data          0x00000000800ae3f0       0x10 /usr/lib/n64/libultra_d.a(rotate.o)
 .data          0x00000000800ae400        0x0 /usr/lib/n64/libultra_d.a(motor.o)
 .data          0x00000000800ae400        0x0 /usr/lib/n64/libultra_d.a(pfsallocatefile.o)
 .data          0x00000000800ae400        0x0 /usr/lib/n64/libultra_d.a(pfsdeletefile.o)
 .data          0x00000000800ae400        0x0 /usr/lib/n64/libultra_d.a(pfsreadwritefile.o)
 .data          0x00000000800ae400        0x0 /usr/lib/n64/libultra_d.a(pfsfilestate.o)
 .data          0x00000000800ae400        0x0 /usr/lib/n64/libultra_d.a(pfssearchfile.o)
 .data          0x00000000800ae400        0x0 /usr/lib/n64/libultra_d.a(pfsfreeblocks.o)
 .data          0x00000000800ae400        0x0 /usr/lib/n64/libultra_d.a(pfsnumfiles.o)
 .data          0x00000000800ae400        0x0 /usr/lib/n64/libultra_d.a(pfsinitpak.o)
 .data          0x00000000800ae400        0x0 /usr/lib/n64/libultra_d.a(pfsrepairid.o)
 .data          0x00000000800ae400        0x0 /usr/lib/n64/libultra_d.a(pfsgetstatus.o)
 .data          0x00000000800ae400        0x0 /usr/lib/n64/libultra_d.a(pfsselectbank.o)
 .data          0x00000000800ae400       0x10 /usr/lib/n64/libultra_d.a(contpfs.o)
                0x00000000800ae400                __osPfsInodeCacheChannel
                0x00000000800ae404                __osPfsInodeCacheBank
 .data          0x00000000800ae410       0x10 /usr/lib/n64/libultra_d.a(contramread.o)
                0x00000000800ae410                __osPfsLastChannel
 .data          0x00000000800ae420        0x0 /usr/lib/n64/libultra_d.a(contramwrite.o)
 .data          0x00000000800ae420        0x0 /usr/lib/n64/libultra_d.a(parameters.o)
 .data          0x00000000800ae420        0x0 /usr/lib/n64/libultra_d.a(afterprenmi.o)
 .data          0x00000000800ae420       0x20 /usr/lib/n64/libultra_d.a(initialize.o)
                0x00000000800ae420                osClockRate
                0x00000000800ae428                osViClock
                0x00000000800ae42c                __osShutdown
                0x00000000800ae430                __OSGlobalIntMask
                0x00000000800ae434                __printfunc
 .data          0x00000000800ae440       0x10 /usr/lib/n64/libultra_d.a(initialize_kmc.o)
 .data          0x00000000800ae450       0x10 /usr/lib/n64/libultra_d.a(initialize_msp.o)
 .data          0x00000000800ae460        0x0 /usr/lib/n64/libultra_d.a(initialize_emu.o)
 .data          0x00000000800ae460        0x0 /usr/lib/n64/libultra_d.a(errorasm.o)
 .data          0x00000000800ae460      0x270 /usr/lib/n64/libultra_d.a(commonerror.o)
                0x00000000800ae474                __osCommonHandler
                0x00000000800ae478                NULSTR
                0x00000000800ae47c                __os_error_message
 .data          0x00000000800ae6d0       0x40 /usr/lib/n64/libultra_d.a(exceptasm.o)
                0x00000000800ae6d0                __osHwIntTable
                0x00000000800ae6f8                __osPiIntTable
 .data          0x00000000800ae710        0x0 /usr/lib/n64/libultra_d.a(interrupt.o)
 .data          0x00000000800ae710        0x0 /usr/lib/n64/libultra_d.a(setglobalintmask.o)
 .data          0x00000000800ae710        0x0 /usr/lib/n64/libultra_d.a(resetglobalintmask.o)
 .data          0x00000000800ae710        0x0 /usr/lib/n64/libultra_d.a(pirawdma.o)
 .data          0x00000000800ae710        0x0 /usr/lib/n64/libultra_d.a(pigetcmdq.o)
 .data          0x00000000800ae710        0x0 /usr/lib/n64/libultra_d.a(epirawread.o)
 .data          0x00000000800ae710        0x0 /usr/lib/n64/libultra_d.a(epirawwrite.o)
 .data          0x00000000800ae710        0x0 /usr/lib/n64/libultra_d.a(piwrite.o)
 .data          0x00000000800ae710        0x0 /usr/lib/n64/libultra_d.a(piread.o)
 .data          0x00000000800ae710        0x0 /usr/lib/n64/libultra_d.a(invalicache.o)
 .data          0x00000000800ae710        0x0 /usr/lib/n64/libultra_d.a(writebackdcache.o)
 .data          0x00000000800ae710       0x10 /usr/lib/n64/libultra_d.a(kdebugserver.o)
 .data          0x00000000800ae720       0x10 /usr/lib/n64/libultra_d.a(threadprofile.o)
                0x00000000800ae720                __osThprofFlag
                0x00000000800ae724                __osThprofFunc
 .data          0x00000000800ae730        0x0 /usr/lib/n64/libultra_d.a(libm_vals.o)
 .data          0x00000000800ae730        0x0 /usr/lib/n64/libultra_d.a(sqrtf.o)
 .data          0x00000000800ae730        0x0 /usr/lib/n64/libultra_d.a(cosf.o)
 .data          0x00000000800ae730       0x10 /usr/lib/n64/libultra_d.a(readhost.o)
 .data          0x00000000800ae740        0x0 /usr/lib/n64/libultra_d.a(initialize_isv.o)
 .data          0x00000000800ae740        0x0 /usr/lib/n64/libultra_d.a(bcmp.o)
 .data          0x00000000800ae740        0x0 /usr/lib/n64/libultra_d.a(string.o)
 .data          0x00000000800ae740       0x50 /usr/lib/n64/libultra_d.a(xprintf.o)
 .data          0x00000000800ae790        0x0 /usr/lib/n64/libultra_d.a(getcause.o)
 .data          0x00000000800ae790        0x0 /usr/lib/n64/libultra_d.a(getcount.o)
 .data          0x00000000800ae790        0x0 /usr/lib/n64/libultra_d.a(getsr.o)
 .data          0x00000000800ae790        0x0 /usr/lib/n64/libultra_d.a(setcompare.o)
 .data          0x00000000800ae790        0x0 /usr/lib/n64/libultra_d.a(setfpccsr.o)
 .data          0x00000000800ae790        0x0 /usr/lib/n64/libultra_d.a(setsr.o)
 .data          0x00000000800ae790        0x0 /usr/lib/n64/libultra_d.a(setwatchlo.o)
 .data          0x00000000800ae790        0x0 /usr/lib/n64/libultra_d.a(rmonsio.o)
 .data          0x00000000800ae790        0x0 /usr/lib/n64/libultra_d.a(sp.o)
 .data          0x00000000800ae790        0x0 /usr/lib/n64/libultra_d.a(spgetstat.o)
 .data          0x00000000800ae790        0x0 /usr/lib/n64/libultra_d.a(spsetstat.o)
 .data          0x00000000800ae790        0x0 /usr/lib/n64/libultra_d.a(spsetpc.o)
 .data          0x00000000800ae790        0x0 /usr/lib/n64/libultra_d.a(sprawdma.o)
 .data          0x00000000800ae790        0x0 /usr/lib/n64/libultra_d.a(sirawread.o)
 .data          0x00000000800ae790        0x0 /usr/lib/n64/libultra_d.a(sirawwrite.o)
 .data          0x00000000800ae790        0x0 /usr/lib/n64/libultra_d.a(crc.o)
 .data          0x00000000800ae790        0x0 /usr/lib/n64/libultra_d.a(destroythread.o)
 .data          0x00000000800ae790        0x0 /usr/lib/n64/libultra_d.a(maptlbrdb.o)
 .data          0x00000000800ae790        0x0 /usr/lib/n64/libultra_d.a(unmaptlball.o)
 .data          0x00000000800ae790       0x70 /usr/lib/n64/libultra_d.a(vi.o)
                0x00000000800ae7f0                __osViCurr
                0x00000000800ae7f4                __osViNext
 .data          0x00000000800ae800        0x0 /usr/lib/n64/libultra_d.a(vigetcurrcontext.o)
 .data          0x00000000800ae800       0x50 /usr/lib/n64/libultra_d.a(vimodentsclan1.o)
                0x00000000800ae800                osViModeNtscLan1
 .data          0x00000000800ae850       0x50 /usr/lib/n64/libultra_d.a(vimodepallan1.o)
                0x00000000800ae850                osViModePalLan1
 .data          0x00000000800ae8a0       0x50 /usr/lib/n64/libultra_d.a(vimodempallan1.o)
                0x00000000800ae8a0                osViModeMpalLan1
 .data          0x00000000800ae8f0        0x0 /usr/lib/n64/libultra_d.a(normalize.o)
 .data          0x00000000800ae8f0        0x0 /usr/lib/n64/libultra_d.a(pfschecker.o)
 .data          0x00000000800ae8f0        0x0 /usr/lib/n64/libultra_d.a(pfsisplug.o)
 .data          0x00000000800ae8f0        0x0 /usr/lib/n64/libultra_d.a(pirawread.o)
 .data          0x00000000800ae8f0        0x0 /usr/lib/n64/libultra_d.a(pirawwrite.o)
 .data          0x00000000800ae8f0        0x0 /usr/lib/n64/libultra_d.a(epiwrite.o)
 .data          0x00000000800ae8f0        0x0 /usr/lib/n64/libultra_d.a(epiread.o)
 .data          0x00000000800ae8f0       0x30 /usr/lib/n64/libultra_d.a(xlitob.o)
 .data          0x00000000800ae920        0x0 /usr/lib/n64/libultra_d.a(xldtob.o)
 .data          0x00000000800ae920       0xe0 /usr/lib/n64/libultra_d.a(rmoncmds.o)
 .data          0x00000000800aea00        0x0 /usr/lib/n64/libultra_d.a(rmonmem.o)
 .data          0x00000000800aea00        0x0 /usr/lib/n64/libultra_d.a(rmonmisc.o)
 .data          0x00000000800aea00        0x0 /usr/lib/n64/libultra_d.a(rmonregs.o)
 .data          0x00000000800aea00        0x0 /usr/lib/n64/libultra_d.a(rmontask.o)
 .data          0x00000000800aea00       0x10 /usr/lib/n64/libultra_d.a(rmonmain.o)
                0x00000000800aea00                __rmonActive
 .data          0x00000000800aea10        0x0 /usr/lib/n64/libultra_d.a(sprawread.o)
 .data          0x00000000800aea10        0x0 /usr/lib/n64/libultra_d.a(sprawwrite.o)
 .data          0x00000000800aea10        0x0 /usr/lib/n64/libultra_d.a(si.o)
 .data          0x00000000800aea10        0x0 /usr/lib/n64/libultra_d.a(getactivequeue.o)
 .data          0x00000000800aea10        0x0 /usr/lib/n64/libultra_d.a(ldiv.o)
 .data          0x00000000800aea10        0x0 /usr/lib/n64/libultra_d.a(rmonrcp.o)
 .data          0x00000000800aea10        0x0 /usr/lib/n64/libultra_d.a(rmonbrk.o)
 */libnusys_d.a:*.o(.data*)
 .data          0x00000000800aea10       0x30 /usr/lib/n64/nusys/libnusys_d.a(nusched.o)
                0x00000000800aea10                nuScPreNMIFunc
                0x00000000800aea14                nuVersion
                0x00000000800aea24                nuScRetraceCounter
                0x00000000800aea28                nuDebTaskPerfInterval
                0x00000000800aea2c                nuDebTaskPerfCnt
                0x00000000800aea30                nuDebTaskPerfEnd
 .data          0x00000000800aea40       0x20 /usr/lib/n64/nusys/libnusys_d.a(nugfxtaskmgr.o)
                0x00000000800aea40                nuGfxCfbNum
                0x00000000800aea44                nuGfxUcodeFifoSize
                0x00000000800aea48                nuGfxUcodeFifoPtr
                0x00000000800aea4c                nuGfxSwapCfbFunc
                0x00000000800aea50                nuGfxTaskEndFunc
 .data          0x00000000800aea60        0x0 /usr/lib/n64/nusys/libnusys_d.a(nugfxfuncset.o)
 .data          0x00000000800aea60        0x0 /usr/lib/n64/nusys/libnusys_d.a(nugfxtaskallendwait.o)
 .data          0x00000000800aea60        0x0 /usr/lib/n64/nusys/libnusys_d.a(nugfxsetcfb.o)
 .data          0x00000000800aea60        0x0 /usr/lib/n64/nusys/libnusys_d.a(nugfxdisplayoff.o)
 .data          0x00000000800aea60        0x0 /usr/lib/n64/nusys/libnusys_d.a(nugfxdisplayon.o)
 .data          0x00000000800aea60        0x0 /usr/lib/n64/nusys/libnusys_d.a(nudebconcputs.o)
 .data          0x00000000800aea60        0x0 /usr/lib/n64/nusys/libnusys_d.a(nudebcontextattr.o)
 .data          0x00000000800aea60        0x0 /usr/lib/n64/nusys/libnusys_d.a(nudebcontextpos.o)
 .data          0x00000000800aea60        0x0 /usr/lib/n64/nusys/libnusys_d.a(nudebconclear.o)
 .data          0x00000000800aea60        0x0 /usr/lib/n64/nusys/libnusys_d.a(nupiinit.o)
 .data          0x00000000800aea60        0x0 /usr/lib/n64/nusys/libnusys_d.a(nupireadrom.o)
 .data          0x00000000800aea60     0x25e0 /usr/lib/n64/nusys/libnusys_d.a(nudebconbuf.o)
                0x00000000800aea60                nuDebConWin
 .data          0x00000000800b1040      0x110 /usr/lib/n64/nusys/libnusys_d.a(nudebcondisp_ex2.o)
 .data          0x00000000800b1150      0x130 /usr/lib/n64/nusys/libnusys_d.a(nugfxinit_ex2.o)
 .data          0x00000000800b1280        0x0 /usr/lib/n64/nusys/libnusys_d.a(nucontinit.o)
 .data          0x00000000800b1280        0x0 /usr/lib/n64/nusys/libnusys_d.a(nucontdatagetex.o)
 .data          0x00000000800b1280       0x40 /usr/lib/n64/nusys/libnusys_d.a(nucontpakmgr.o)
                0x00000000800b1280                nuContPakCompanyCode
                0x00000000800b1284                nuContPakGameCode
                0x00000000800b12b0                nuContPakCallBack
 .data          0x00000000800b12c0       0x30 /usr/lib/n64/nusys/libnusys_d.a(nucontrmbmgr.o)
                0x00000000800b12c0                nuContRmbSearchTime
                0x00000000800b12e0                nuContRmbCallBack
 .data          0x00000000800b12f0     0x1e60 /usr/lib/n64/nusys/libnusys_d.a(nufont.o)
                0x00000000800b12f0                nuFont
                0x00000000800b2220                nuFont2
 .data          0x00000000800b3150        0x0 /usr/lib/n64/nusys/libnusys_d.a(nurdpoutput.o)
 .data          0x00000000800b3150        0x0 /usr/lib/n64/nusys/libnusys_d.a(nuyieldbuf.o)
 .data          0x00000000800b3150        0x0 /usr/lib/n64/nusys/libnusys_d.a(nudramstack.o)
 .data          0x00000000800b3150       0x10 /usr/lib/n64/nusys/libnusys_d.a(nugfxthread.o)
                0x00000000800b3150                nuGfxFunc
                0x00000000800b3154                nuGfxPreNMIFunc
 .data          0x00000000800b3160        0x0 /usr/lib/n64/nusys/libnusys_d.a(nugfxswapcfbfuncset.o)
 .data          0x00000000800b3160        0x0 /usr/lib/n64/nusys/libnusys_d.a(nugfxswapcfb.o)
 .data          0x00000000800b3160        0x0 /usr/lib/n64/nusys/libnusys_d.a(nugfxretracewait.o)
 .data          0x00000000800b3160        0x0 /usr/lib/n64/nusys/libnusys_d.a(nugfxsetucodefifo.o)
 .data          0x00000000800b3160        0x0 /usr/lib/n64/nusys/libnusys_d.a(nudebconputc.o)
 .data          0x00000000800b3160       0x10 /usr/lib/n64/nusys/libnusys_d.a(nusimgr.o)
                0x00000000800b3160                nuSiCallBackList
 .data          0x00000000800b3170        0x0 /usr/lib/n64/nusys/libnusys_d.a(nusicallbackadd.o)
 .data          0x00000000800b3170        0x0 /usr/lib/n64/nusys/libnusys_d.a(nusicallbackremove.o)
 .data          0x00000000800b3170       0x30 /usr/lib/n64/nusys/libnusys_d.a(nucontmgr.o)
                0x00000000800b3170                nuContReadFunc
                0x00000000800b3188                nuContCallBack
 .data          0x00000000800b31a0        0x0 /usr/lib/n64/nusys/libnusys_d.a(nucontdatalock.o)
 .data          0x00000000800b31a0        0x0 /usr/lib/n64/nusys/libnusys_d.a(nucontqueryread.o)
 .data          0x00000000800b31a0        0x0 /usr/lib/n64/nusys/libnusys_d.a(nudebconsole.o)
 /usr/lib/n64/PR/rspboot.o(.data*)
 .data          0x00000000800b31a0        0x0 /usr/lib/n64/PR/rspboot.o
                0x00000000800b31a0                rspbootDataEnd
                0x00000000800b31a0                rspbootDataStart
 /usr/lib/n64/PR/gspF3DEX2.fifo.o(.data*)
 .data          0x00000000800b31a0      0x420 /usr/lib/n64/PR/gspF3DEX2.fifo.o
                0x00000000800b31a0                gspF3DEX2_fifoDataStart
                0x00000000800b35c0                gspF3DEX2_fifoDataEnd
 /usr/lib/n64/PR/gspL3DEX2.fifo.o(.data*)
 .data          0x00000000800b35c0      0x3f0 /usr/lib/n64/PR/gspL3DEX2.fifo.o
                0x00000000800b35c0                gspL3DEX2_fifoDataStart
                0x00000000800b39b0                gspL3DEX2_fifoDataEnd
 /usr/lib/n64/PR/gspF3DEX2.Rej.fifo.o(.data*)
 .data          0x00000000800b39b0      0x410 /usr/lib/n64/PR/gspF3DEX2.Rej.fifo.o
                0x00000000800b39b0                gspF3DEX2_Rej_fifoDataStart
                0x00000000800b3dc0                gspF3DEX2_Rej_fifoDataEnd
 /usr/lib/n64/PR/gspF3DEX2.NoN.fifo.o(.data*)
 .data          0x00000000800b3dc0      0x420 /usr/lib/n64/PR/gspF3DEX2.NoN.fifo.o
                0x00000000800b3dc0                gspF3DEX2_NoN_fifoDataStart
                0x00000000800b41e0                gspF3DEX2_NoN_fifoDataEnd
 /usr/lib/n64/PR/gspF3DLX2.Rej.fifo.o(.data*)
 .data          0x00000000800b41e0      0x410 /usr/lib/n64/PR/gspF3DLX2.Rej.fifo.o
                0x00000000800b41e0                gspF3DLX2_Rej_fifoDataStart
                0x00000000800b45f0                gspF3DLX2_Rej_fifoDataEnd
 /usr/lib/n64/PR/gspS2DEX2.fifo.o(.data*)
 .data          0x00000000800b45f0      0x390 /usr/lib/n64/PR/gspS2DEX2.fifo.o
                0x00000000800b45f0                gspS2DEX2_fifoDataStart
                0x00000000800b4980                gspS2DEX2_fifoDataEnd
 /usr/lib/n64/nusys/nusys_rom.o(.*rodata*)
 build/src/main*.o(.*rodata*)
 .rodata.str1.4
                0x00000000800b4980       0x56 build/src/main/stage00.o
 *fill*         0x00000000800b49d6        0xa 
 .rodata.cst4   0x00000000800b49e0       0x18 build/src/main/stage00.o
 *fill*         0x00000000800b49f8        0x8 
 .rodata.cst8   0x00000000800b4a00       0x28 build/src/main/stage00.o
 */libultra_d.a:*.o(.*rodata*)
 *fill*         0x00000000800b4a28        0x8 
 .rodata        0x00000000800b4a30       0x80 /usr/lib/n64/libultra_d.a(setintmask.o)
                0x00000000800b4a30                __osRcpImTable
 .rodata        0x00000000800b4ab0       0x20 /usr/lib/n64/libultra_d.a(devmgr.o)
 .rodata        0x00000000800b4ad0       0x20 /usr/lib/n64/libultra_d.a(assert.o)
 .rodata        0x00000000800b4af0       0x20 /usr/lib/n64/libultra_d.a(lookat.o)
 .rodata        0x00000000800b4b10       0x20 /usr/lib/n64/libultra_d.a(perspective.o)
 .rodata        0x00000000800b4b30       0x60 /usr/lib/n64/libultra_d.a(sinf.o)
 .rodata        0x00000000800b4b90       0x10 /usr/lib/n64/libultra_d.a(sirawdma.o)
 .rodata        0x00000000800b4ba0       0x14 /usr/lib/n64/libultra_d.a(visetevent.o)
 *fill*         0x00000000800b4bb4        0xc 
 .rodata        0x00000000800b4bc0       0x10 /usr/lib/n64/libultra_d.a(visetmode.o)
 .rodata        0x00000000800b4bd0       0x10 /usr/lib/n64/libultra_d.a(viswapbuf.o)
 .rodata        0x00000000800b4be0       0x10 /usr/lib/n64/libultra_d.a(viswapcontext.o)
 .rodata        0x00000000800b4bf0       0x68 /usr/lib/n64/libultra_d.a(pfsallocatefile.o)
 *fill*         0x00000000800b4c58        0x8 
 .rodata        0x00000000800b4c60       0x94 /usr/lib/n64/libultra_d.a(contpfs.o)
 *fill*         0x00000000800b4cf4        0xc 
 .rodata        0x00000000800b4d00     0x1a60 /usr/lib/n64/libultra_d.a(commonerror.o)
 .rodata        0x00000000800b6760       0x70 /usr/lib/n64/libultra_d.a(exceptasm.o)
                0x00000000800b67a4                __osCauseTable_pt
 .rodata        0x00000000800b67d0       0x14 /usr/lib/n64/libultra_d.a(epirawread.o)
 *fill*         0x00000000800b67e4        0xc 
 .rodata        0x00000000800b67f0       0x10 /usr/lib/n64/libultra_d.a(libm_vals.o)
                0x00000000800b67f0                __libm_qnan_f
 .rodata        0x00000000800b6800       0x70 /usr/lib/n64/libultra_d.a(cosf.o)
 .rodata        0x00000000800b6870      0x178 /usr/lib/n64/libultra_d.a(xprintf.o)
 *fill*         0x00000000800b69e8        0x8 
 .rodata        0x00000000800b69f0       0x10 /usr/lib/n64/libultra_d.a(sprawdma.o)
 .rodata        0x00000000800b6a00       0x10 /usr/lib/n64/libultra_d.a(sirawread.o)
 .rodata        0x00000000800b6a10       0x14 /usr/lib/n64/libultra_d.a(sirawwrite.o)
 *fill*         0x00000000800b6a24        0xc 
 .rodata        0x00000000800b6a30       0x10 /usr/lib/n64/libultra_d.a(pirawread.o)
 .rodata        0x00000000800b6a40       0x70 /usr/lib/n64/libultra_d.a(xldtob.o)
 .rodata        0x00000000800b6ab0       0x10 /usr/lib/n64/libultra_d.a(rmonmem.o)
 .rodata        0x00000000800b6ac0       0x10 /usr/lib/n64/libultra_d.a(sprawread.o)
 .rodata        0x00000000800b6ad0       0x14 /usr/lib/n64/libultra_d.a(sprawwrite.o)
 *fill*         0x00000000800b6ae4        0xc 
 .rodata        0x00000000800b6af0       0x60 /usr/lib/n64/libultra_d.a(rmonbrk.o)
 */libnusys_d.a:*.o(.*rodata*)
 .rodata        0x00000000800b6b50        0x0 /usr/lib/n64/nusys/libnusys_d.a(nusched.o)
 .rodata        0x00000000800b6b50       0x4c /usr/lib/n64/nusys/libnusys_d.a(nugfxtaskmgr.o)
 *fill*         0x00000000800b6b9c        0x4 
 .rodata        0x00000000800b6ba0        0x0 /usr/lib/n64/nusys/libnusys_d.a(nugfxfuncset.o)
 .rodata        0x00000000800b6ba0        0x0 /usr/lib/n64/nusys/libnusys_d.a(nugfxtaskallendwait.o)
 .rodata        0x00000000800b6ba0       0x2c /usr/lib/n64/nusys/libnusys_d.a(nugfxsetcfb.o)
 *fill*         0x00000000800b6bcc        0x4 
 .rodata        0x00000000800b6bd0        0x0 /usr/lib/n64/nusys/libnusys_d.a(nugfxdisplayoff.o)
 .rodata        0x00000000800b6bd0        0x0 /usr/lib/n64/nusys/libnusys_d.a(nugfxdisplayon.o)
 .rodata        0x00000000800b6bd0        0x0 /usr/lib/n64/nusys/libnusys_d.a(nudebconcputs.o)
 .rodata        0x00000000800b6bd0        0x0 /usr/lib/n64/nusys/libnusys_d.a(nudebcontextattr.o)
 .rodata        0x00000000800b6bd0        0x0 /usr/lib/n64/nusys/libnusys_d.a(nudebcontextpos.o)
 .rodata        0x00000000800b6bd0        0x0 /usr/lib/n64/nusys/libnusys_d.a(nudebconclear.o)
 .rodata        0x00000000800b6bd0        0x0 /usr/lib/n64/nusys/libnusys_d.a(nupiinit.o)
 .rodata        0x00000000800b6bd0        0x0 /usr/lib/n64/nusys/libnusys_d.a(nupireadrom.o)
 .rodata        0x00000000800b6bd0        0x0 /usr/lib/n64/nusys/libnusys_d.a(nudebconbuf.o)
 .rodata        0x00000000800b6bd0       0x28 /usr/lib/n64/nusys/libnusys_d.a(nudebcondisp_ex2.o)
 *fill*         0x00000000800b6bf8        0x8 
 .rodata        0x00000000800b6c00        0x0 /usr/lib/n64/nusys/libnusys_d.a(nugfxinit_ex2.o)
 .rodata        0x00000000800b6c00        0x0 /usr/lib/n64/nusys/libnusys_d.a(nucontinit.o)
 .rodata        0x00000000800b6c00        0x0 /usr/lib/n64/nusys/libnusys_d.a(nucontdatagetex.o)
 .rodata        0x00000000800b6c00        0x0 /usr/lib/n64/nusys/libnusys_d.a(nucontpakmgr.o)
 .rodata        0x00000000800b6c00        0x0 /usr/lib/n64/nusys/libnusys_d.a(nucontrmbmgr.o)
 .rodata        0x00000000800b6c00        0x0 /usr/lib/n64/nusys/libnusys_d.a(nufont.o)
 .rodata        0x00000000800b6c00        0x0 /usr/lib/n64/nusys/libnusys_d.a(nurdpoutput.o)
 .rodata        0x00000000800b6c00        0x0 /usr/lib/n64/nusys/libnusys_d.a(nuyieldbuf.o)
 .rodata        0x00000000800b6c00        0x0 /usr/lib/n64/nusys/libnusys_d.a(nudramstack.o)
 .rodata        0x00000000800b6c00        0x0 /usr/lib/n64/nusys/libnusys_d.a(nugfxthread.o)
 .rodata        0x00000000800b6c00        0x0 /usr/lib/n64/nusys/libnusys_d.a(nugfxswapcfbfuncset.o)
 .rodata        0x00000000800b6c00        0x0 /usr/lib/n64/nusys/libnusys_d.a(nugfxswapcfb.o)
 .rodata        0x00000000800b6c00        0x0 /usr/lib/n64/nusys/libnusys_d.a(nugfxretracewait.o)
 .rodata        0x00000000800b6c00       0x70 /usr/lib/n64/nusys/libnusys_d.a(nugfxsetucodefifo.o)
 .rodata        0x00000000800b6c70        0x0 /usr/lib/n64/nusys/libnusys_d.a(nudebconputc.o)
 .rodata        0x00000000800b6c70       0x70 /usr/lib/n64/nusys/libnusys_d.a(nusimgr.o)
 .rodata        0x00000000800b6ce0       0x40 /usr/lib/n64/nusys/libnusys_d.a(nusicallbackadd.o)
 .rodata        0x00000000800b6d20        0x0 /usr/lib/n64/nusys/libnusys_d.a(nusicallbackremove.o)
 .rodata        0x00000000800b6d20        0x0 /usr/lib/n64/nusys/libnusys_d.a(nucontmgr.o)
 .rodata        0x00000000800b6d20        0x0 /usr/lib/n64/nusys/libnusys_d.a(nucontdatalock.o)
 .rodata        0x00000000800b6d20        0x0 /usr/lib/n64/nusys/libnusys_d.a(nucontqueryread.o)
 .rodata        0x00000000800b6d20       0x18 /usr/lib/n64/nusys/libnusys_d.a(nudebconsole.o)
 */libnustd.a:*.o(.*rodata*)
 *fill*         0x00000000800b6d38        0x8 
 .rodata.cst8   0x00000000800b6d40       0x58 /usr/lib/n64/libnustd.a(cos.o)
 *fill*         0x00000000800b6d98        0x8 
 .rodata.cst8   0x00000000800b6da0       0x48 /usr/lib/n64/libnustd.a(sin.o)
                                         0x60 (size before relaxing)
 */libgcc.a:*.o(.*rodata*)
 *fill*         0x00000000800b6de8        0x8 
 .rodata        0x00000000800b6df0      0x100 /opt/crashsdk/lib/gcc/mips64-elf/11.2.0/libgcc.a(_clz.o)
                0x00000000800b6df0                __clz_tab
                0x00000000800b6ef0                _codeSegmentEnd = (ADDR (.code) + SIZEOF (.code))
                0x00000000000922f0                _codeSegmentRomEnd = (__romPos + SIZEOF (.code))
                0x000000000019feb8                __romPos = (__romPos + SIZEOF (.code))
                0x00000000800b6ef0                _codeSegmentBssStart = ADDR (.code.noload)

.code.noload    0x00000000800b6ef0    0x78390 load address 0x00000000000922f0
 /usr/lib/n64/nusys/nusys_rom.o(COMMON)
 /usr/lib/n64/nusys/nusys_rom.o(.scommon)
 /usr/lib/n64/nusys/nusys_rom.o(.*bss*)
 .bss           0x00000000800b6ef0     0x4370 /usr/lib/n64/nusys/nusys_rom.o
                0x00000000800b6ef0                nuIdleFunc
                0x00000000800b6f00                nuMainStack
 build/src/main*.o(.*bss*)
 .bss           0x00000000800bb260        0x0 build/src/main/gfxinit.o
 .bss           0x00000000800bb260     0x4208 build/src/main/graphic.o
                0x00000000800bb260                gfx_gtask_no
                0x00000000800bb264                glistp
                0x00000000800bb268                gfx_dynamic
                0x00000000800bb468                gfx_glist
 .bss           0x00000000800bf468        0x1 build/src/main/main.o
                0x00000000800bf468                contPattern
 *fill*         0x00000000800bf469        0x7 
 .bss           0x00000000800bf470       0xe0 build/src/main/stage00.o
                0x00000000800bf470                cameraPosition
                0x00000000800bf4b0                cameraRotation
                0x00000000800bf4f0                View
                0x00000000800bf4f4                contdata
                0x00000000800bf4fc                cubeyaw
                0x00000000800bf500                cubepan
                0x00000000800bf504                conbuf
                0x00000000800bf518                fps
                0x00000000800bf51c                frames
                0x00000000800bf520                current_time
                0x00000000800bf528                start_time
 */libultra_d.a:*.o(COMMON)
 COMMON         0x00000000800bf550       0xec /usr/lib/n64/libultra_d.a(pimgr.o)
                0x00000000800bf550                __Dom2SpeedParam
                0x00000000800bf5c8                __Dom1SpeedParam
 *fill*         0x00000000800bf63c        0x4 
 COMMON         0x00000000800bf640       0x74 /usr/lib/n64/libultra_d.a(cartrominit.o)
                0x00000000800bf640                __CartRomHandle
 *fill*         0x00000000800bf6b4        0x4 
 COMMON         0x00000000800bf6b8       0x18 /usr/lib/n64/libultra_d.a(piacs.o)
                0x00000000800bf6b8                __osPiAccessQueue
 COMMON         0x00000000800bf6d0       0x78 /usr/lib/n64/libultra_d.a(controller.o)
                0x00000000800bf6d0                __osContPifRam
                0x00000000800bf710                __osEepromTimer
                0x00000000800bf730                __osEepromTimerQ
 COMMON         0x00000000800bf748       0xb8 /usr/lib/n64/libultra_d.a(seteventmesg.o)
                0x00000000800bf748                __osEventStateTab
 COMMON         0x00000000800bf800       0x18 /usr/lib/n64/libultra_d.a(siacs.o)
                0x00000000800bf800                __osSiAccessQueue
 COMMON         0x00000000800bf818       0x38 /usr/lib/n64/libultra_d.a(timerintr.o)
                0x00000000800bf818                __osBaseTimer
                0x00000000800bf838                __osProfTimerQ
 COMMON         0x00000000800bf850      0x100 /usr/lib/n64/libultra_d.a(contpfs.o)
                0x00000000800bf850                __osPfsInodeCache
 COMMON         0x00000000800bf950      0x1b0 /usr/lib/n64/libultra_d.a(kdebugserver.o)
                0x00000000800bf950                __osThreadSave
 COMMON         0x00000000800bfb00      0xc00 /usr/lib/n64/libultra_d.a(threadprofile.o)
                0x00000000800bfb00                __osThprofHeap
                0x00000000800c0300                thprof
 COMMON         0x00000000800c0700       0x10 /usr/lib/n64/libultra_d.a(initialize_isv.o)
                0x00000000800c0700                ramOldVector
 COMMON         0x00000000800c0710      0x800 /usr/lib/n64/libultra_d.a(rmonsio.o)
                0x00000000800c0710                rmonRdbReadBuf
 COMMON         0x00000000800c0f10       0x40 /usr/lib/n64/libultra_d.a(pfsisplug.o)
                0x00000000800c0f10                __osPfsPifRam
 COMMON         0x00000000800c0f50      0x100 /usr/lib/n64/libultra_d.a(rmonmem.o)
                0x00000000800c0f50                __rmonUtilityBuffer
 COMMON         0x00000000800c1050       0x18 /usr/lib/n64/libultra_d.a(rmonmisc.o)
                0x00000000800c1050                __rmonMQ
 */libultra_d.a:*.o(.scommon)
 .scommon       0x00000000800c1068        0x8 /usr/lib/n64/libultra_d.a(controller.o)
                0x00000000800c1068                __osMaxControllers
                0x00000000800c1069                __osContLastCmd
                0x00000000800c106c                __osEepromTimerMsg
 .scommon       0x00000000800c1070       0x14 /usr/lib/n64/libultra_d.a(initrdb.o)
                0x00000000800c1070                __osRdb_IP6_CurWrite
                0x00000000800c1074                __osRdb_IP6_Size
                0x00000000800c1078                __osRdb_IP6_CurSend
                0x00000000800c107c                __osRdb_IP6_Data
                0x00000000800c1080                __osRdb_IP6_Ct
 *fill*         0x00000000800c1084        0x4 
 .scommon       0x00000000800c1088       0x20 /usr/lib/n64/libultra_d.a(timerintr.o)
                0x00000000800c1088                __osBaseCounter
                0x00000000800c108c                __osProfileOverflowBin
                0x00000000800c1090                __osProfileList
                0x00000000800c1094                __osViIntrCount
                0x00000000800c1098                __osCurrentTime
                0x00000000800c10a0                __osTimerCounter
                0x00000000800c10a4                __osProfileListEnd
 .scommon       0x00000000800c10a8        0x4 /usr/lib/n64/libultra_d.a(initialize.o)
                0x00000000800c10a8                __kmc_pt_mode
 .scommon       0x00000000800c10ac        0xc /usr/lib/n64/libultra_d.a(threadprofile.o)
                0x00000000800c10ac                __osThprofCount
                0x00000000800c10b0                __osThprofStack
                0x00000000800c10b4                __osThprofLastTimer
 .scommon       0x00000000800c10b8        0x8 /usr/lib/n64/libultra_d.a(readhost.o)
                0x00000000800c10b8                __osRdb_Read_Data_Ct
                0x00000000800c10bc                __osRdb_Read_Data_Buf
 .scommon       0x00000000800c10c0        0xe /usr/lib/n64/libultra_d.a(initialize_isv.o)
                0x00000000800c10c0                gISVDbgPrnAdrs
                0x00000000800c10c4                leoComuBuffAdd
                0x00000000800c10c8                gISVFlag
                0x00000000800c10cc                gISVChk
 *fill*         0x00000000800c10ce        0x2 
 .scommon       0x00000000800c10d0        0x4 /usr/lib/n64/libultra_d.a(rmonsio.o)
                0x00000000800c10d0                __osRdb_DbgRead_Buf
 .scommon       0x00000000800c10d4        0x1 /usr/lib/n64/libultra_d.a(rmonbrk.o)
                0x00000000800c10d4                __rmonRcpAtBreak
 */libultra_d.a:*.o(.*bss*)
 *fill*         0x00000000800c10d5        0xb 
 .bss           0x00000000800c10e0        0x0 /usr/lib/n64/libultra_d.a(setintmask.o)
 .bss           0x00000000800c10e0     0x17c0 /usr/lib/n64/libultra_d.a(pimgr.o)
 .bss           0x00000000800c28a0        0x0 /usr/lib/n64/libultra_d.a(epirawdma.o)
 .bss           0x00000000800c28a0        0x0 /usr/lib/n64/libultra_d.a(epidma.o)
 .bss           0x00000000800c28a0        0x0 /usr/lib/n64/libultra_d.a(cartrominit.o)
 .bss           0x00000000800c28a0        0x0 /usr/lib/n64/libultra_d.a(devmgr.o)
 .bss           0x00000000800c28a0       0x10 /usr/lib/n64/libultra_d.a(piacs.o)
 .bss           0x00000000800c28b0        0x0 /usr/lib/n64/libultra_d.a(invaldcache.o)
 .bss           0x00000000800c28b0        0x0 /usr/lib/n64/libultra_d.a(writebackdcacheall.o)
 .bss           0x00000000800c28b0        0x0 /usr/lib/n64/libultra_d.a(contquery.o)
 .bss           0x00000000800c28b0        0x0 /usr/lib/n64/libultra_d.a(contreaddata.o)
 .bss           0x00000000800c28b0        0x0 /usr/lib/n64/libultra_d.a(controller.o)
 .bss           0x00000000800c28b0        0x0 /usr/lib/n64/libultra_d.a(virtualtophysical.o)
 .bss           0x00000000800c28b0        0x0 /usr/lib/n64/libultra_d.a(assert.o)
 .bss           0x00000000800c28b0        0x0 /usr/lib/n64/libultra_d.a(lookat.o)
 .bss           0x00000000800c28b0        0x0 /usr/lib/n64/libultra_d.a(perspective.o)
 .bss           0x00000000800c28b0        0x0 /usr/lib/n64/libultra_d.a(sinf.o)
 .bss           0x00000000800c28b0        0x0 /usr/lib/n64/libultra_d.a(rdbsend.o)
 .bss           0x00000000800c28b0        0x0 /usr/lib/n64/libultra_d.a(initrdb.o)
 .bss           0x00000000800c28b0        0x0 /usr/lib/n64/libultra_d.a(bcopy.o)
 .bss           0x00000000800c28b0        0x0 /usr/lib/n64/libultra_d.a(bzero.o)
 .bss           0x00000000800c28b0        0x0 /usr/lib/n64/libultra_d.a(sprintf.o)
 .bss           0x00000000800c28b0        0x0 /usr/lib/n64/libultra_d.a(syncprintf.o)
 .bss           0x00000000800c28b0        0x0 /usr/lib/n64/libultra_d.a(createmesgqueue.o)
 .bss           0x00000000800c28b0        0x0 /usr/lib/n64/libultra_d.a(jammesg.o)
 .bss           0x00000000800c28b0        0x0 /usr/lib/n64/libultra_d.a(recvmesg.o)
 .bss           0x00000000800c28b0        0x0 /usr/lib/n64/libultra_d.a(sendmesg.o)
 .bss           0x00000000800c28b0        0x0 /usr/lib/n64/libultra_d.a(seteventmesg.o)
 .bss           0x00000000800c28b0        0x0 /usr/lib/n64/libultra_d.a(dpsetstat.o)
 .bss           0x00000000800c28b0        0x0 /usr/lib/n64/libultra_d.a(dpctr.o)
 .bss           0x00000000800c28b0       0x40 /usr/lib/n64/libultra_d.a(sptask.o)
 .bss           0x00000000800c28f0        0x0 /usr/lib/n64/libultra_d.a(sptaskyield.o)
 .bss           0x00000000800c28f0        0x0 /usr/lib/n64/libultra_d.a(sptaskyielded.o)
 .bss           0x00000000800c28f0        0x0 /usr/lib/n64/libultra_d.a(sirawdma.o)
 .bss           0x00000000800c28f0       0x10 /usr/lib/n64/libultra_d.a(siacs.o)
 .bss           0x00000000800c2900        0x0 /usr/lib/n64/libultra_d.a(createthread.o)
 .bss           0x00000000800c2900        0x0 /usr/lib/n64/libultra_d.a(getthreadpri.o)
 .bss           0x00000000800c2900        0x0 /usr/lib/n64/libultra_d.a(setthreadpri.o)
 .bss           0x00000000800c2900        0x0 /usr/lib/n64/libultra_d.a(startthread.o)
 .bss           0x00000000800c2900        0x0 /usr/lib/n64/libultra_d.a(stopthread.o)
 .bss           0x00000000800c2900        0x0 /usr/lib/n64/libultra_d.a(thread.o)
 .bss           0x00000000800c2900        0x0 /usr/lib/n64/libultra_d.a(yieldthread.o)
 .bss           0x00000000800c2900        0x0 /usr/lib/n64/libultra_d.a(gettime.o)
 .bss           0x00000000800c2900        0x0 /usr/lib/n64/libultra_d.a(settime.o)
 .bss           0x00000000800c2900        0x0 /usr/lib/n64/libultra_d.a(settimer.o)
 .bss           0x00000000800c2900        0x0 /usr/lib/n64/libultra_d.a(timerintr.o)
 .bss           0x00000000800c2900        0x0 /usr/lib/n64/libultra_d.a(probetlb.o)
 .bss           0x00000000800c2900        0x0 /usr/lib/n64/libultra_d.a(vigetcurrframebuf.o)
 .bss           0x00000000800c2900        0x0 /usr/lib/n64/libultra_d.a(vigetnextframebuf.o)
 .bss           0x00000000800c2900        0x0 /usr/lib/n64/libultra_d.a(vigetmode.o)
 .bss           0x00000000800c2900     0x1220 /usr/lib/n64/libultra_d.a(vimgr.o)
 .bss           0x00000000800c3b20        0x0 /usr/lib/n64/libultra_d.a(visetevent.o)
 .bss           0x00000000800c3b20        0x0 /usr/lib/n64/libultra_d.a(visetmode.o)
 .bss           0x00000000800c3b20        0x0 /usr/lib/n64/libultra_d.a(visetspecial.o)
 .bss           0x00000000800c3b20        0x0 /usr/lib/n64/libultra_d.a(visetyscale.o)
 .bss           0x00000000800c3b20        0x0 /usr/lib/n64/libultra_d.a(viswapbuf.o)
 .bss           0x00000000800c3b20        0x0 /usr/lib/n64/libultra_d.a(viswapcontext.o)
 .bss           0x00000000800c3b20        0x0 /usr/lib/n64/libultra_d.a(vitbl.o)
 .bss           0x00000000800c3b20        0x0 /usr/lib/n64/libultra_d.a(viblack.o)